<html>
<body>
<pre>
<h1>µVision Build Log</h1>
<h2>Project:</h2>
C:\cygwin64\home\Simpleon\dw1000_firmware\USER\TX.uvproj
Project File Date:  07/10/2015

<h2>Output:</h2>
Build target 'TX'
compiling main.c...
linking...
Program Size: Code=28696 RO-data=544 RW-data=536 ZI-data=17664  
FromELF: creating hex file...
"..\Output\TX.axf" - 0 Error(s), 0 Warning(s).
Load "..\\Output\\TX.axf" 
Set JLink Project File to "C:\cygwin64\home\Simpleon\dw1000_firmware\USER\JLinkSettings.ini"
* JLink Info: Device "STM32F103C8" selected (64 KB flash, 20 KB RAM).
 
JLink info:
------------
DLL: V4.80g, compiled Feb 13 2014 20:50:02
Firmware: J-Link ARM-OB STM32 compiled Aug 22 2012 19:52:04
Hardware: V7.00
S/N : 20150714 
Feature(s) : RDI,FlashDL,FlashBP,JFlash,GDBFull 
 
* JLink Info: Found SWD-DP with ID 0x1BA01477
* JLink Info: Found SWD-DP with ID 0x1BA01477
* JLink Info: Found Cortex-M3 r1p1, Little endian.
* JLink Info: FPUnit: 6 code (BP) slots and 2 literal slots
* JLink Info: TPIU fitted.
ROMTableAddr = 0xE00FF003
 
Target info:
------------
Device: STM32F103C8
VTarget = 3.300V
State of Pins: 
TCK: 0, TDI: 0, TDO: 1, TMS: 0, TRES: 1, TRST: 1
Hardware-Breakpoints: 6
Software-Breakpoints: 8192
Watchpoints:          4
JTAG speed: 2000 kHz
 
Erase Done.
Programming Done.
Verify OK.
tchpoints:          4
JTAG speed: 2000 kHz
 
Erase Done.
Programming Done.
Verify OK.
AM).
 
JLink info:
------------
DLL: V4.80g, compiled Feb 13 2014 20:50:02
Firmware: J-Link ARM-OB STM32 compiled Aug 22 2012 19:52:04
Hardware: V7.00
S/N : 20150714 
Feature(s) : RDI,FlashDL,FlashBP,JFlash,GDBFull 
 
* JLink Info: Found SWD-DP with ID 0x1BA01477
* JLink Info: Found SWD-DP with ID 0x1BA01477
* JLink Info: Found Cortex-M3 r1p1, Little endian.
* JLink Info: FPUnit: 6 code (BP) slots and 2 literal slots
* JLink Info: TPIU fitted.
ROMTableAddr = 0xE00FF003
 
Target info:
------------
Device: STM32F103C8
VTarget = 3.300V
State of Pins: 
TCK: 0, TDI: 0, TDO: 1, TMS: 0, TRES: 1, TRST: 1
Hardware-Breakpoints: 6
Software-Breakpoints: 8192
Watchpoints:          4
JTAG speed: 2000 kHz
 
Erase Done.
Programming Done.
Verify OK.

USART.c(135): warning:  #177-D: variable "tmp" was declared but never referenced
          u32 tmp=0;
USART.c(136): warning:  #177-D: variable "tmpp" was declared but never referenced
          u8 tmpp[128];
USART.c(137): warning:  #177-D: variable "TIM_TimeBaseStructure" was declared but never referenced
          TIM_TimeBaseInitTypeDef TIM_TimeBaseStructure;
USART.c(187): warning:  #177-D: variable "temperature" was declared but never referenced
          u8 temperature, voltage;
USART.c(187): warning:  #177-D: variable "voltage" was declared but never referenced
          u8 temperature, voltage;
USART.c: 6 warnings, 0 errors
"USART.c" - 0 Error(s), 6 Warning(s).
79: expected a type specifier
          Write_DW1000(0x28,0x0C,(u8 *)(&tmp),4);
DW1000.c(168): warning:  #77-D: this declaration has no storage class or type specifier
          Write_DW1000(0x28,0x0C,(u8 *)(&tmp),4);
DW1000.c(171): error:  #77-D: this declaration has no storage class or type specifier
          tmp=0x000000D8;
DW1000.c(171): error:  #148: variable "tmp" has already been initialized
          tmp=0x000000D8;
DW1000.c(172): error:  #79: expected a type specifier
          Write_DW1000(0x28,0x0B,(u8 *)(&tmp),1);
DW1000.c(172): error:  #79: expected a type specifier
          Write_DW1000(0x28,0x0B,(u8 *)(&tmp),1);
DW1000.c(172): error:  #79: expected a type specifier
          Write_DW1000(0x28,0x0B,(u8 *)(&tmp),1);
DW1000.c(172): error:  #79: expected a type specifier
          Write_DW1000(0x28,0x0B,(u8 *)(&tmp),1);
DW1000.c(172): warning:  #77-D: this declaration has no storage class or type specifier
          Write_DW1000(0x28,0x0B,(u8 *)(&tmp),1);
DW1000.c(175): error:  #77-D: this declaration has no storage class or type specifier
          tmp=0x0000428E;
DW1000.c: 5 warnings, 30 errors
"..\Output\TX.axf" - 30 Error(s), 5 Warning(s).
Target not created
expected a type specifier
          SetEPTxValid(ENDP2);
DW1000.c(130): warning:  #77-D: this declaration has no storage class or type specifier
          SetEPTxValid(ENDP2);
DW1000.c(130): error:  #147: declaration is incompatible with "void SetEPTxValid(uint8_t)" (declared at line 636 of "..\FWlib\inc\usb_regs.h")
          SetEPTxValid(ENDP2);
DW1000.c(131): error:  #169: expected a declaration
  }
DW1000.c(133): error:  #7: unrecognized token
  /\*
DW1000.c(134): error:  #7: unrecognized token
  DW1000ÂàùÂßãÂå?          ^
DW1000.c(134): error:  #7: unrecognized token
  DW1000ÂàùÂßãÂå?            ^
DW1000.c(135): error:  #7: unrecognized token
  *\/
DW1000.c(159): warning:  #12-D: parsing restarts here after previous syntax error
          Write_DW1000(0x2E,0x0806,(u8 *)(&tmp),1);
DW1000.c(161): error:  #77-D: this declaration has no storage class or type specifier
          tmp=0x00001607;
DW1000.c(162): error:  #79: expected a type specifier
          Write_DW1000(0x2E,0x1806,(u8 *)(&tmp),2);
DW1000.c(162): error:  #79: expected a type specifier
          Write_DW1000(0x2E,0x1806,(u8 *)(&tmp),2);
DW1000.c(162): error:  #79: expected a type specifier
          Write_DW1000(0x2E,0x1806,(u8 *)(&tmp),2);
DW1000.c(162): error:  #79: expected a type specifier
          Write_DW1000(0x2E,0x1806,(u8 *)(&tmp),2);
DW1000.c(162): warning:  #77-D: this declaration has no storage class or type specifier
          Write_DW1000(0x2E,0x1806,(u8 *)(&tmp),2);
DW1000.c(162): error:  #147: declaration is incompatible with "void Write_DW1000(u8, u16, u8 *, u16)" (declared at line 2 of "SPI.h")
          Write_DW1000(0x2E,0x1806,(u8 *)(&tmp),2);
DW1000.c(164): error:  #77-D: this declaration has no storage class or type specifier
          tmp=0x0E082848;
DW1000.c(164): error:  #148: variable "tmp" has already been initialized
          tmp=0x0E082848;
DW1000.c: 9 warnings, 30 errors
"..\Output\TX.axf" - 30 Error(s), 16 Warning(s).
Target not created
