ARM Linker, 5.03 [Build 76] [MDK-ARM Standard]

==============================================================================

Section Cross References

    startup_stm32f10x_hd.o(RESET) refers to startup_stm32f10x_hd.o(.text) for Reset_Handler
    startup_stm32f10x_hd.o(RESET) refers to stm32f10x_it.o(.text) for NMI_Handler
    startup_stm32f10x_hd.o(.text) refers to startup_stm32f10x_hd.o(STACK) for __initial_sp
    startup_stm32f10x_hd.o(.text) refers to entry.o(.ARM.Collect$$$$00000000) for __main
    main.o(.text) refers to misc.o(.text) for NVIC_PriorityGroupConfig
    main.o(.text) refers to stm32f10x_rcc.o(.text) for RCC_APB1PeriphClockCmd
    main.o(.text) refers to stm32f10x_tim.o(.text) for TIM_DeInit
    main.o(.text) refers to printfa.o(i.__0printf) for __2printf
    main.o(.text) refers to stm32f10x_gpio.o(.text) for GPIO_Init
    main.o(.text) refers to stm32f10x_exti.o(.text) for EXTI_ClearITPendingBit
    main.o(.text) refers to system_stm32f10x.o(.text) for SystemInit
    main.o(.text) refers to hw_config.o(.text) for Set_System
    main.o(.text) refers to usart.o(.text) for USART1_init
    main.o(.text) refers to spi.o(.text) for SPI1_init
    main.o(.text) refers to dw1000.o(.text) for DW1000_init
    main.o(.text) refers to delay.o(.text) for delay
    stm32f10x_it.o(.text) refers to stm32f10x_exti.o(.text) for EXTI_ClearITPendingBit
    stm32f10x_it.o(.text) refers to dw1000.o(.text) for read_status
    stm32f10x_it.o(.text) refers to printfa.o(i.__0printf) for __2printf
    stm32f10x_it.o(.text) refers to spi.o(.text) for Write_DW1000
    stm32f10x_it.o(.text) refers to stm32f10x_it.o(.data) for distance_flag
    stm32f10x_it.o(.text) refers to dw1000.o(.data) for Rx_stp_L
    stm32f10x_it.o(.text) refers to dw1000.o(.bss) for Rx_Buff
    stm32f10x_it.o(.text) refers to dw1000.o(.constdata) for broadcast_addr
    stm32f10x_it.o(.text) refers to delay.o(.text) for Delay
    stm32f10x_it.o(.text) refers to usart.o(.text) for upload_location_info
    stm32f10x_it.o(.text) refers to stm32f10x_gpio.o(.text) for GPIO_ReadInputDataBit
    stm32f10x_it.o(.text) refers to stm32f10x_tim.o(.text) for TIM_GetITStatus
    stm32f10x_it.o(.text) refers to stm32f10x_usart.o(.text) for USART_GetITStatus
    stm32f10x_it.o(.text) refers to usb_istr.o(.text) for USB_Istr
    stm32f10x_it.o(.text) refers to stm32f10x_it.o(.bss) for usart_buffer
    spi.o(.text) refers to stm32f10x_rcc.o(.text) for RCC_APB2PeriphClockCmd
    spi.o(.text) refers to stm32f10x_gpio.o(.text) for GPIO_Init
    spi.o(.text) refers to stm32f10x_spi.o(.text) for SPI_Init
    spi.o(.text) refers to printfa.o(i.__0printf) for __2printf
    usart.o(.text) refers to misc.o(.text) for NVIC_PriorityGroupConfig
    usart.o(.text) refers to stm32f10x_rcc.o(.text) for RCC_APB2PeriphClockCmd
    usart.o(.text) refers to stm32f10x_gpio.o(.text) for GPIO_Init
    usart.o(.text) refers to stm32f10x_usart.o(.text) for USART_Init
    usart.o(.text) refers to printfa.o(i.__0printf) for __2printf
    usart.o(.text) refers to stm32f10x_tim.o(.text) for TIM_Cmd
    usart.o(.text) refers to dw1000.o(.text) for Read_Tmp
    usart.o(.text) refers to stm32f10x_it.o(.data) for usart_status
    usart.o(.text) refers to stm32f10x_it.o(.bss) for usart_buffer
    usart.o(.text) refers to dw1000.o(.bss) for distance
    usart.o(.text) refers to usart.o(.data) for count
    dw1000.o(.text) refers to memcpya.o(.text) for __aeabi_memcpy
    dw1000.o(.text) refers to memseta.o(.text) for __aeabi_memclr
    dw1000.o(.text) refers to usb_regs.o(.text) for GetEPTxAddr
    dw1000.o(.text) refers to usb_mem.o(.text) for UserToPMABufferCopy
    dw1000.o(.text) refers to spi.o(.text) for Write_DW1000
    dw1000.o(.text) refers to delay.o(.text) for Delay
    dw1000.o(.text) refers to printfa.o(i.__0printf) for __2printf
    dw1000.o(.text) refers to dw1000.o(.data) for Length
    dw1000.o(.text) refers to dw1000.o(.bss) for Queue
    dw1000.o(.text) refers to dfltui.o(.text) for __aeabi_ui2d
    dw1000.o(.text) refers to dmul.o(.text) for __aeabi_dmul
    dw1000.o(.text) refers to dadd.o(.text) for __aeabi_drsub
    dw1000.o(.text) refers to ddiv.o(.text) for __aeabi_ddiv
    dw1000.o(.text) refers to dflti.o(.text) for __aeabi_i2d
    dw1000.o(.text) refers to log.o(i.log) for log
    dw1000.o(.text) refers to dw1000.o(.constdata) for broadcast_addr
    dw1000.o(.text) refers to stm32f10x_it.o(.data) for distance_flag
    dw1000.o(.text) refers to usb_endp.o(.data) for data
    dw1000.o(.text) refers to cdrcmple.o(.text) for __aeabi_cdrcmple
    delay.o(.text) refers to stm32f10x_tim.o(.text) for TIM_ITConfig
    delay.o(.text) refers to system_stm32f10x.o(.constdata) for SystemFrequency
    delay.o(.text) refers to delay.o(.data) for Delay_Time
    delay.o(.text) refers to stm32f10x_it.o(.data) for time_up
    hw_config.o(.text) refers to stm32f10x_exti.o(.text) for EXTI_ClearITPendingBit
[...]
    ../fplib/microlib/fpflt.c                0x00000000   Number         0  dflti.o ABSOLUTE
    ../fplib/microlib/fpflt.c                0x00000000   Number         0  fflti.o ABSOLUTE
    ../fplib/microlib/fpflt.c                0x00000000   Number         0  dfltui.o ABSOLUTE
    ../fplib/microlib/fpmul.c                0x00000000   Number         0  dmul.o ABSOLUTE
    ../fplib/microlib/fpmul.c                0x00000000   Number         0  fmul.o ABSOLUTE
    ../fplib/microlib/fpscalb.c              0x00000000   Number         0  dscalb.o ABSOLUTE
    ../mathlib/log.c                         0x00000000   Number         0  log_x.o ABSOLUTE
    ../mathlib/log.c                         0x00000000   Number         0  log.o ABSOLUTE
    ../mathlib/poly.c                        0x00000000   Number         0  poly.o ABSOLUTE
    ../mathlib/qnan.c                        0x00000000   Number         0  qnan.o ABSOLUTE
    ..\CMSIS\core_cm3.c                      0x00000000   Number         0  core_cm3.o ABSOLUTE
    ..\CMSIS\startup\startup_stm32f10x_hd.s  0x00000000   Number         0  startup_stm32f10x_hd.o ABSOLUTE
    ..\CMSIS\system_stm32f10x.c              0x00000000   Number         0  system_stm32f10x.o ABSOLUTE
    ..\FWlib\src\misc.c                      0x00000000   Number         0  misc.o ABSOLUTE
    ..\FWlib\src\stm32f10x_exti.c            0x00000000   Number         0  stm32f10x_exti.o ABSOLUTE
    ..\FWlib\src\stm32f10x_gpio.c            0x00000000   Number         0  stm32f10x_gpio.o ABSOLUTE
    ..\FWlib\src\stm32f10x_pwr.c             0x00000000   Number         0  stm32f10x_pwr.o ABSOLUTE
    ..\FWlib\src\stm32f10x_rcc.c             0x00000000   Number         0  stm32f10x_rcc.o ABSOLUTE
    ..\FWlib\src\stm32f10x_spi.c             0x00000000   Number         0  stm32f10x_spi.o ABSOLUTE
    ..\FWlib\src\stm32f10x_tim.c             0x00000000   Number         0  stm32f10x_tim.o ABSOLUTE
    ..\FWlib\src\stm32f10x_usart.c           0x00000000   Number         0  stm32f10x_usart.o ABSOLUTE
    ..\FWlib\src\usb_core.c                  0x00000000   Number         0  usb_core.o ABSOLUTE
    ..\FWlib\src\usb_init.c                  0x00000000   Number         0  usb_init.o ABSOLUTE
    ..\FWlib\src\usb_int.c                   0x00000000   Number         0  usb_int.o ABSOLUTE
    ..\FWlib\src\usb_mem.c                   0x00000000   Number         0  usb_mem.o ABSOLUTE
    ..\FWlib\src\usb_regs.c                  0x00000000   Number         0  usb_regs.o ABSOLUTE
    ..\FWlib\src\usb_sil.c                   0x00000000   Number         0  usb_sil.o ABSOLUTE
    ..\\CMSIS\\core_cm3.c                    0x00000000   Number         0  core_cm3.o ABSOLUTE
    DW1000.c                                 0x00000000   Number         0  dw1000.o ABSOLUTE
    MPU6050.c                                0x00000000   Number         0  mpu6050.o ABSOLUTE
    SPI.c                                    0x00000000   Number         0  spi.o ABSOLUTE
    USART.c                                  0x00000000   Number         0  usart.o ABSOLUTE
    cdcmple.s                                0x00000000   Number         0  cdcmple.o ABSOLUTE
    cdrcmple.s                               0x00000000   Number         0  cdrcmple.o ABSOLUTE
    dc.s                                     0x00000000   Number         0  dc.o ABSOLUTE
    delay.c                                  0x00000000   Number         0  delay.o ABSOLUTE
    handlers.s                               0x00000000   Number         0  handlers.o ABSOLUTE
    hw_config.c                              0x00000000   Number         0  hw_config.o ABSOLUTE
    init.s                                   0x00000000   Number         0  init.o ABSOLUTE
    main.c                                   0x00000000   Number         0  main.o ABSOLUTE
    stm32f10x_it.c                           0x00000000   Number         0  stm32f10x_it.o ABSOLUTE
    usb_desc.c                               0x00000000   Number         0  usb_desc.o ABSOLUTE
    usb_endp.c                               0x00000000   Number         0  usb_endp.o ABSOLUTE
    usb_istr.c                               0x00000000   Number         0  usb_istr.o ABSOLUTE
    usb_prop.c                               0x00000000   Number         0  usb_prop.o ABSOLUTE
    usb_pwr.c                                0x00000000   Number         0  usb_pwr.o ABSOLUTE
    RESET                                    0x08000000   Section      304  startup_stm32f10x_hd.o(RESET)
    .ARM.Collect$$$$00000000                 0x08000130   Section        0  entry.o(.ARM.Collect$$$$00000000)
    .ARM.Collect$$$$00000001                 0x08000130   Section        4  entry2.o(.ARM.Collect$$$$00000001)
    .ARM.Collect$$$$00000004                 0x08000134   Section        4  entry5.o(.ARM.Collect$$$$00000004)
    .ARM.Collect$$$$00000008                 0x08000138   Section        0  entry7b.o(.ARM.Collect$$$$00000008)
    .ARM.Collect$$$$0000000A                 0x08000138   Section        0  entry8b.o(.ARM.Collect$$$$0000000A)
    .ARM.Collect$$$$0000000B                 0x08000138   Section        8  entry9a.o(.ARM.Collect$$$$0000000B)
    .ARM.Collect$$$$0000000D                 0x08000140   Section        0  entry10a.o(.ARM.Collect$$$$0000000D)
    .ARM.Collect$$$$0000000F                 0x08000140   Section        0  entry11a.o(.ARM.Collect$$$$0000000F)
    .ARM.Collect$$$$00002712                 0x08000140   Section        4  entry2.o(.ARM.Collect$$$$00002712)
    __lit__00000000                          0x08000140   Data           4  entry2.o(.ARM.Collect$$$$00002712)
    .text                                    0x08000144   Section       48  startup_stm32f10x_hd.o(.text)
    .text                                    0x08000174   Section        0  main.o(.text)
    .text                                    0x080004d4   Section        0  stm32f10x_it.o(.text)
    .text                                    0x08000dac   Section        0  spi.o(.text)
    .text                                    0x08000fd8   Section        0  usart.o(.text)
    .text                                    0x08001370   Section        0  dw1000.o(.text)
    .text                                    0x08002164   Section        0  delay.o(.text)
    .text                                    0x08002268   Section        0  hw_config.o(.text)
    IntToUnicode                             0x0800231b   Thumb Code    62  hw_config.o(.text)
    .text                                    0x0800239c   Section        0  usb_endp.o(.text)
    .text                                    0x08002520   Section        0  usb_istr.o(.text)
    .text                                    0x080026dc   Section        0  usb_prop.o(.text)
    .text                                    0x08002924   Section        0  usb_pwr.o(.text)
    .text                                    0x08002b5c   Section        0  stm32f10x_gpio.o(.text)
    .text                                    0x08002e88   Section        0  stm32f10x_spi.o(.text)
    .text                                    0x08003188   Section        0  stm32f10x_usart.o(.text)
    .text                                    0x080034f8   Section        0  misc.o(.text)
    .text                                    0x080035d4   Section        0  stm32f10x_rcc.o(.text)
    .text                                    0x08003974   Section        0  stm32f10x_exti.o(.text)
    .text                                    0x08003a98   Section        0  stm32f10x_tim.o(.text)
    TI4_Config                               0x08003db7   Thumb Code    82  stm32f10x_tim.o(.text)
    TI3_Config                               0x08003e1b   Thumb Code    72  stm32f10x_tim.o(.text)
    TI2_Config                               0x08003e8d   Thumb Code    80  stm32f10x_tim.o(.text)
    TI1_Config                               0x08003eef   Thumb Code    56  stm32f10x_tim.o(.text)
    .text                                    0x08004660   Section        0  usb_core.o(.text)
    DataStageOut                             0x08004a41   Thumb Code   196  usb_core.o(.text)
    DataStageIn                              0x08004b05   Thumb Code   166  usb_core.o(.text)
    NoData_Setup0                            0x08004bab   Thumb Code   288  usb_core.o(.text)
    Data_Setup0                              0x08004ccb   Thumb Code   664  usb_core.o(.text)
    .text                                    0x08005158   Section        0  usb_int.o(.text)
    .text                                    0x0800545c   Section        0  usb_mem.o(.text)
    .text                                    0x080054b8   Section        0  usb_regs.o(.text)
    .text                                    0x08005c54   Section        0  usb_sil.o(.text)
    .text                                    0x08005cd4   Section        0  system_stm32f10x.o(.text)
    SetSysClockTo72                          0x08005cd5   Thumb Code   218  system_stm32f10x.o(.text)
    SetSysClock                              0x08005daf   Thumb Code     8  system_stm32f10x.o(.text)
    .text                                    0x08005e0c   Section        0  memcpya.o(.text)
    .text                                    0x08005e30   Section        0  memseta.o(.text)
    .text                                    0x08005e54   Section        0  dadd.o(.text)
    .text                                    0x08005fa2   Section        0  dmul.o(.text)
    .text                                    0x08006086   Section        0  ddiv.o(.text)
    .text                                    0x08006164   Section        0  dflti.o(.text)
    .text                                    0x08006186   Section        0  dfltui.o(.text)
    .text                                    0x080061a0   Section       40  cdrcmple.o(.text)
    .text                                    0x080061c8   Section        0  uidiv.o(.text)
    .text                                    0x080061f4   Section        0  uldiv.o(.text)
    .text                                    0x08006256   Section        0  llshl.o(.text)
    .text                                    0x08006274   Section        0  llsshr.o(.text)
    .text                                    0x08006298   Section        0  iusefp.o(.text)
    .text                                    0x08006298   Section        0  depilogue.o(.text)
    .text                                    0x08006356   Section        0  dscalb.o(.text)
    .text                                    0x08006384   Section        0  dfixul.o(.text)
    .text                                    0x080063b4   Section       40  cdcmple.o(.text)
    .text                                    0x080063dc   Section       36  init.o(.text)
    .text                                    0x08006400   Section        0  llushr.o(.text)
    .text                                    0x08006420   Section        0  __dczerorl2.o(.text)
    i.__0printf                              0x0800647c   Section        0  printfa.o(i.__0printf)
    i.__kernel_poly                          0x0800649c   Section        0  poly.o(i.__kernel_poly)
    i.__scatterload_copy                     0x08006546   Section       14  handlers.o(i.__scatterload_copy)
    i.__scatterload_null                     0x08006554   Section        2  handlers.o(i.__scatterload_null)
    i.__scatterload_zeroinit                 0x08006556   Section       14  handlers.o(i.__scatterload_zeroinit)
    i.__set_errno                            0x08006564   Section        0  errno.o(i.__set_errno)
    i._fp_digits                             0x08006570   Section        0  printfa.o(i._fp_digits)
    _fp_digits                               0x08006571   Thumb Code   326  printfa.o(i._fp_digits)
    i._printf_core                           0x080066cc   Section        0  printfa.o(i._printf_core)
    _printf_core                             0x080066cd   Thumb Code  1762  printfa.o(i._printf_core)
    i._printf_post_padding                   0x08006dbc   Section        0  printfa.o(i._printf_post_padding)
    _printf_post_padding                     0x08006dbd   Thumb Code    38  printfa.o(i._printf_post_padding)
    i._printf_pre_padding                    0x08006de2   Section        0  printfa.o(i._printf_pre_padding)
    _printf_pre_padding                      0x08006de3   Thumb Code    48  printfa.o(i._printf_pre_padding)
    i.log                                    0x08006e14   Section        0  log.o(i.log)
    .constdata                               0x08007184   Section        8  dw1000.o(.constdata)
    .constdata                               0x0800718c   Section      111  usb_desc.o(.constdata)
    .constdata                               0x080071fc   Section       20  system_stm32f10x.o(.constdata)
    .constdata                               0x08007210   Section       56  log.o(.constdata)
    Lg2                                      0x08007210   Data          24  log.o(.constdata)
    Lg                                       0x08007228   Data          32  log.o(.constdata)
    .constdata                               0x08007248   Section        8  qnan.o(.constdata)
    .data                                    0x20000000   Section       18  stm32f10x_it.o(.data)
    dst                                      0x20000004   Data           4  stm32f10x_it.o(.data)
    src                                      0x20000008   Data           4  stm32f10x_it.o(.data)
    count                                    0x2000000c   Data           4  stm32f10x_it.o(.data)
    .data                                    0x20000014   Section        4  usart.o(.data)
    count                                    0x20000014   Data           4  usart.o(.data)
    .data                                    0x20000018   Section      104  dw1000.o(.data)
    count                                    0x20000030   Data           4  dw1000.o(.data)
    .data                                    0x20000080   Section        4  delay.o(.data)
    Delay_Time                               0x20000080   Data           4  delay.o(.data)
    .data                                    0x20000084   Section        8  hw_config.o(.data)
    .data                                    0x2000008c   Section       26  usb_desc.o(.data)
    .data                                    0x200000a8   Section       76  usb_endp.o(.data)
    .data                                    0x200000f4   Section       70  usb_istr.o(.data)
    .data                                    0x2000013c   Section      148  usb_prop.o(.data)
    .data                                    0x200001d0   Section       14  usb_pwr.o(.data)
    .data                                    0x200001de   Section       20  stm32f10x_rcc.o(.data)
    APBAHBPrescTable                         0x200001de   Data          16  stm32f10x_rcc.o(.data)
    ADCPrescTable                            0x200001ee   Data           4  stm32f10x_rcc.o(.data)
    .data                                    0x200001f2   Section        4  usb_core.o(.data)
    .data                                    0x200001f8   Section       20  usb_init.o(.data)
    .data                                    0x2000020c   Section        4  usb_int.o(.data)
    .data                                    0x20000210   Section        4  stdout.o(.data)
    .data                                    0x20000214   Section        4  errno.o(.data)
    _errno                                   0x20000214   Data           4  errno.o(.data)
    .bss                                     0x20000218   Section       64  stm32f10x_it.o(.bss)
    .bss                                     0x20000258   Section    16768  dw1000.o(.bss)
    .bss                                     0x200043d8   Section      256  usb_endp.o(.bss)
    .bss                                     0x200044d8   Section       32  usb_pwr.o(.bss)
    .bss                                     0x200044f8   Section       28  usb_init.o(.bss)
    STACK                                    0x20004518   Section      512  startup_stm32f10x_hd.o(STACK)

    Global Symbols

    Symbol Name                              Value     Ov Type        Size  Object(Section)

    BuildAttributes$$THM_ISAv4$P$D$K$B$S$PE$A:L22UL41UL21$X:L11$S22US41US21$IEEE1$IW$USESV6$~STKCKD$USESV7$~SHL$OTIME$ROPI$IEEEJ$EBA8$MICROLIB$REQ8$PRES8$EABIv2 0x00000000   Number         0  anon$$obj.o ABSOLUTE
    __ARM_use_no_argv                        0x00000000   Number         0  main.o ABSOLUTE
    _printf_a                                0x00000000   Number         0  stubs.o ABSOLUTE
    _printf_c                                0x00000000   Number         0  stubs.o ABSOLUTE
    _printf_charcount                        0x00000000   Number         0  stubs.o ABSOLUTE
    _printf_d                                0x00000000   Number         0  stubs.o ABSOLUTE
    _printf_e                                0x00000000   Number         0  stubs.o ABSOLUTE
    _printf_f                                0x00000000   Number         0  stubs.o ABSOLUTE
    _printf_flags                            0x00000000   Number         0  stubs.o ABSOLUTE
    _printf_fp_dec                           0x00000000   Number         0  stubs.o ABSOLUTE
    _printf_fp_hex                           0x00000000   Number         0  stubs.o ABSOLUTE
    _printf_g                                0x00000000   Number         0  stubs.o ABSOLUTE
    _printf_i                                0x00000000   Number         0  stubs.o ABSOLUTE
    _printf_int_dec                          0x00000000   Number         0  stubs.o ABSOLUTE
    _printf_l                                0x00000000   Number         0  stubs.o ABSOLUTE
    _printf_lc                               0x00000000   Number         0  stubs.o ABSOLUTE
    _printf_ll                               0x00000000   Number         0  stubs.o ABSOLUTE
    _printf_lld                              0x00000000   Number         0  stubs.o ABSOLUTE
    _printf_lli                              0x00000000   Number         0  stubs.o ABSOLUTE
    _printf_llo                              0x00000000   Number         0  stubs.o ABSOLUTE
    _printf_llu                              0x00000000   Number         0  stubs.o ABSOLUTE
    _printf_llx                              0x00000000   Number         0  stubs.o ABSOLUTE
    _printf_longlong_dec                     0x00000000   Number         0  stubs.o ABSOLUTE
    _printf_longlong_hex                     0x00000000   Number         0  stubs.o ABSOLUTE
    _printf_longlong_oct                     0x00000000   Number         0  stubs.o ABSOLUTE
    _printf_ls                               0x00000000   Number         0  stubs.o ABSOLUTE
    _printf_mbtowc                           0x00000000   Number         0  stubs.o ABSOLUTE
    _printf_n                                0x00000000   Number         0  stubs.o ABSOLUTE
    _printf_o                                0x00000000   Number         0  stubs.o ABSOLUTE
    _printf_p                                0x00000000   Number         0  stubs.o ABSOLUTE
    _printf_percent                          0x00000000   Number         0  stubs.o ABSOLUTE
    _printf_pre_padding                      0x00000000   Number         0  stubs.o ABSOLUTE
    _printf_return_value                     0x00000000   Number         0  stubs.o ABSOLUTE
    _printf_s                                0x00000000   Number         0  stubs.o ABSOLUTE
    _printf_sizespec                         0x00000000   Number         0  stubs.o ABSOLUTE
    _printf_str                              0x00000000   Number         0  stubs.o ABSOLUTE
    _printf_truncate_signed                  0x00000000   Number         0  stubs.o ABSOLUTE
    _printf_truncate_unsigned                0x00000000   Number         0  stubs.o ABSOLUTE
    _printf_u                                0x00000000   Number         0  stubs.o ABSOLUTE
    _printf_wc                               0x00000000   Number         0  stubs.o ABSOLUTE
    _printf_wctomb                           0x00000000   Number         0  stubs.o ABSOLUTE
    _printf_widthprec                        0x00000000   Number         0  stubs.o ABSOLUTE
    _printf_x                                0x00000000   Number         0  stubs.o ABSOLUTE
    __cpp_initialize__aeabi_                  - Undefined Weak Reference
    __cxa_finalize                            - Undefined Weak Reference
    _clock_init                               - Undefined Weak Reference
    _microlib_exit                            - Undefined Weak Reference
    __Vectors_Size                           0x00000130   Number         0  startup_stm32f10x_hd.o ABSOLUTE
    __Vectors                                0x08000000   Data           4  startup_stm32f10x_hd.o(RESET)
    __Vectors_End                            0x08000130   Data           0  startup_stm32f10x_hd.o(RESET)
    __main                                   0x08000131   Thumb Code     0  entry.o(.ARM.Collect$$$$00000000)
    _main_stk                                0x08000131   Thumb Code     0  entry2.o(.ARM.Collect$$$$00000001)
    _main_scatterload                        0x08000135   Thumb Code     0  entry5.o(.ARM.Collect$$$$00000004)
    __main_after_scatterload                 0x08000139   Thumb Code     0  entry5.o(.ARM.Collect$$$$00000004)
    _main_clock                              0x08000139   Thumb Code     0  entry7b.o(.ARM.Collect$$$$00000008)
    _main_cpp_init                           0x08000139   Thumb Code     0  entry8b.o(.ARM.Collect$$$$0000000A)
    _main_init                               0x08000139   Thumb Code     0  entry9a.o(.ARM.Collect$$$$0000000B)
    __rt_final_cpp                           0x08000141   Thumb Code     0  entry10a.o(.ARM.Collect$$$$0000000D)
    __rt_final_exit                          0x08000141   Thumb Code     0  entry11a.o(.ARM.Collect$$$$0000000F)
    SystemInit_ExtMemCtl                     0x08000145   Thumb Code     2  startup_stm32f10x_hd.o(.text)
    Reset_Handler                            0x08000147   Thumb Code    14  startup_stm32f10x_hd.o(.text)
    ADC1_2_IRQHandler                        0x08000167   Thumb Code     0  startup_stm32f10x_hd.o(.text)
    ADC3_IRQHandler                          0x08000167   Thumb Code     0  startup_stm32f10x_hd.o(.text)
    CAN1_RX1_IRQHandler                      0x08000167   Thumb Code     0  startup_stm32f10x_hd.o(.text)
    CAN1_SCE_IRQHandler                      0x08000167   Thumb Code     0  startup_stm32f10x_hd.o(.text)
    DMA1_Channel1_IRQHandler                 0x08000167   Thumb Code     0  startup_stm32f10x_hd.o(.text)
    DMA1_Channel2_IRQHandler                 0x08000167   Thumb Code     0  startup_stm32f10x_hd.o(.text)
    DMA1_Channel3_IRQHandler                 0x08000167   Thumb Code     0  startup_stm32f10x_hd.o(.text)
    DMA1_Channel4_IRQHandler                 0x08000167   Thumb Code     0  startup_stm32f10x_hd.o(.text)
    DMA1_Channel5_IRQHandler                 0x08000167   Thumb Code     0  startup_stm32f10x_hd.o(.text)
    DMA1_Channel6_IRQHandler                 0x08000167   Thumb Code     0  startup_stm32f10x_hd.o(.text)
    DMA1_Channel7_IRQHandler                 0x08000167   Thumb Code     0  startup_stm32f10x_hd.o(.text)
    DMA2_Channel1_IRQHandler                 0x08000167   Thumb Code     0  startup_stm32f10x_hd.o(.text)
    DMA2_Channel2_IRQHandler                 0x08000167   Thumb Code     0  startup_stm32f10x_hd.o(.text)
    DMA2_Channel3_IRQHandler                 0x08000167   Thumb Code     0  startup_stm32f10x_hd.o(.text)
    DMA2_Channel4_5_IRQHandler               0x08000167   Thumb Code     0  startup_stm32f10x_hd.o(.text)
    EXTI0_IRQHandler                         0x08000167   Thumb Code     0  startup_stm32f10x_hd.o(.text)
    EXTI15_10_IRQHandler                     0x08000167   Thumb Code     0  startup_stm32f10x_hd.o(.text)
    EXTI2_IRQHandler                         0x08000167   Thumb Code     0  startup_stm32f10x_hd.o(.text)
    EXTI3_IRQHandler                         0x08000167   Thumb Code     0  startup_stm32f10x_hd.o(.text)
    EXTI4_IRQHandler                         0x08000167   Thumb Code     0  startup_stm32f10x_hd.o(.text)
    EXTI9_5_IRQHandler                       0x08000167   Thumb Code     0  startup_stm32f10x_hd.o(.text)
    FLASH_IRQHandler                         0x08000167   Thumb Code     0  startup_stm32f10x_hd.o(.text)
    FSMC_IRQHandler                          0x08000167   Thumb Code     0  startup_stm32f10x_hd.o(.text)
    I2C1_ER_IRQHandler                       0x08000167   Thumb Code     0  startup_stm32f10x_hd.o(.text)
    I2C1_EV_IRQHandler                       0x08000167   Thumb Code     0  startup_stm32f10x_hd.o(.text)
    I2C2_ER_IRQHandler                       0x08000167   Thumb Code     0  startup_stm32f10x_hd.o(.text)
    I2C2_EV_IRQHandler                       0x08000167   Thumb Code     0  startup_stm32f10x_hd.o(.text)
    PVD_IRQHandler                           0x08000167   Thumb Code     0  startup_stm32f10x_hd.o(.text)
    RCC_IRQHandler                           0x08000167   Thumb Code     0  startup_stm32f10x_hd.o(.text)
    RTCAlarm_IRQHandler                      0x08000167   Thumb Code     0  startup_stm32f10x_hd.o(.text)
    RTC_IRQHandler                           0x08000167   Thumb Code     0  startup_stm32f10x_hd.o(.text)
    SDIO_IRQHandler                          0x08000167   Thumb Code     0  startup_stm32f10x_hd.o(.text)
    SPI1_IRQHandler                          0x08000167   Thumb Code     0  startup_stm32f10x_hd.o(.text)
    SPI2_IRQHandler                          0x08000167   Thumb Code     0  startup_stm32f10x_hd.o(.text)
    SPI3_IRQHandler                          0x08000167   Thumb Code     0  startup_stm32f10x_hd.o(.text)
    TAMPER_IRQHandler                        0x08000167   Thumb Code     0  startup_stm32f10x_hd.o(.text)
    TIM1_BRK_IRQHandler                      0x08000167   Thumb Code     0  startup_stm32f10x_hd.o(.text)
    TIM1_CC_IRQHandler                       0x08000167   Thumb Code     0  startup_stm32f10x_hd.o(.text)
    TIM1_TRG_COM_IRQHandler                  0x08000167   Thumb Code     0  startup_stm32f10x_hd.o(.text)
    TIM1_UP_IRQHandler                       0x08000167   Thumb Code     0  startup_stm32f10x_hd.o(.text)
    TIM5_IRQHandler                          0x08000167   Thumb Code     0  startup_stm32f10x_hd.o(.text)
    TIM6_IRQHandler                          0x08000167   Thumb Code     0  startup_stm32f10x_hd.o(.text)
    TIM7_IRQHandler                          0x08000167   Thumb Code     0  startup_stm32f10x_hd.o(.text)
    TIM8_BRK_IRQHandler                      0x08000167   Thumb Code     0  startup_stm32f10x_hd.o(.text)
    TIM8_CC_IRQHandler                       0x08000167   Thumb Code     0  startup_stm32f10x_hd.o(.text)
    TIM8_TRG_COM_IRQHandler                  0x08000167   Thumb Code     0  startup_stm32f10x_hd.o(.text)
    TIM8_UP_IRQHandler                       0x08000167   Thumb Code     0  startup_stm32f10x_hd.o(.text)
    UART4_IRQHandler                         0x08000167   Thumb Code     0  startup_stm32f10x_hd.o(.text)
    UART5_IRQHandler                         0x08000167   Thumb Code     0  startup_stm32f10x_hd.o(.text)
    USART2_IRQHandler                        0x08000167   Thumb Code     0  startup_stm32f10x_hd.o(.text)
    USART3_IRQHandler                        0x08000167   Thumb Code     0  startup_stm32f10x_hd.o(.text)
    USB_HP_CAN1_TX_IRQHandler                0x08000167   Thumb Code     0  startup_stm32f10x_hd.o(.text)
    WWDG_IRQHandler                          0x08000167   Thumb Code     0  startup_stm32f10x_hd.o(.text)
    TIM2_init                                0x08000175   Thumb Code   136  main.o(.text)
    TIM4_init                                0x080001fd   Thumb Code   104  main.o(.text)
    EXTI_init                                0x08000265   Thumb Code   140  main.o(.text)
    TIM3_init                                0x080002f1   Thumb Code   120  main.o(.text)
    GPIO_Configuration                       0x08000369   Thumb Code    40  main.o(.text)
    main                                     0x08000391   Thumb Code   104  main.o(.text)
    NMI_Handler                              0x080004d5   Thumb Code     2  stm32f10x_it.o(.text)
    HardFault_Handler                        0x080004d7   Thumb Code     4  stm32f10x_it.o(.text)
    MemManage_Handler                        0x080004db   Thumb Code     4  stm32f10x_it.o(.text)
    BusFault_Handler                         0x080004df   Thumb Code     4  stm32f10x_it.o(.text)
    UsageFault_Handler                       0x080004e3   Thumb Code     4  stm32f10x_it.o(.text)
    SVC_Handler                              0x080004e7   Thumb Code     2  stm32f10x_it.o(.text)
    DebugMon_Handler                         0x080004e9   Thumb Code     2  stm32f10x_it.o(.text)
    PendSV_Handler                           0x080004eb   Thumb Code     2  stm32f10x_it.o(.text)
    EXTI1_IRQHandler                         0x080004ed   Thumb Code  1730  stm32f10x_it.o(.text)
    TIM2_IRQHandler                          0x08000baf   Thumb Code    66  stm32f10x_it.o(.text)
    TIM3_IRQHandler                          0x08000bf1   Thumb Code    64  stm32f10x_it.o(.text)
    TIM4_IRQHandler                          0x08000c31   Thumb Code    58  stm32f10x_it.o(.text)
    USART1_IRQHandler                        0x08000c6b   Thumb Code   178  stm32f10x_it.o(.text)
    USB_LP_CAN1_RX0_IRQHandler               0x08000d1d   Thumb Code     8  stm32f10x_it.o(.text)
    USBWakeUp_IRQHandler                     0x08000d25   Thumb Code    12  stm32f10x_it.o(.text)
    SysTick_Handler                          0x08000d31   Thumb Code     8  stm32f10x_it.o(.text)
    SPI1_init                                0x08000dad   Thumb Code   188  spi.o(.text)
    SPI_send_and_receive_byte                0x08000e69   Thumb Code    50  spi.o(.text)
    Write_DW1000                             0x08000e9b   Thumb Code   140  spi.o(.text)
    Read_DW1000                              0x08000f27   Thumb Code   142  spi.o(.text)
    USART1_init                              0x08000fd9   Thumb Code   188  usart.o(.text)
    fputc                                    0x08001095   Thumb Code    32  usart.o(.text)
    usart_handle                             0x080010b5   Thumb Code   312  usart.o(.text)
    upload_location_info                     0x080011ed   Thumb Code    96  usart.o(.text)
    Push                                     0x08001371   Thumb Code    74  dw1000.o(.text)
    Pop                                      0x080013bb   Thumb Code    78  dw1000.o(.text)
    Fifoput                                  0x08001409   Thumb Code   250  dw1000.o(.text)
    load_LDE                                 0x08001503   Thumb Code    84  dw1000.o(.text)
    set_MAC                                  0x08001557   Thumb Code    44  dw1000.o(.text)
    DW1000_init                              0x08001583   Thumb Code   388  dw1000.o(.text)
    sent_and_wait                            0x08001707   Thumb Code    20  dw1000.o(.text)
    to_IDLE                                  0x0800171b   Thumb Code    20  dw1000.o(.text)
    raw_write                                0x0800172f   Thumb Code   138  dw1000.o(.text)
    Location_polling                         0x080017b9   Thumb Code   192  dw1000.o(.text)
    distance_measurement                     0x08001879   Thumb Code   310  dw1000.o(.text)
    distance_forward                         0x080019af   Thumb Code   292  dw1000.o(.text)
    handle_distance_forward                  0x08001ad3   Thumb Code    74  dw1000.o(.text)
    quality_measurement                      0x08001b1d   Thumb Code   324  dw1000.o(.text)
    RX_mode_enable                           0x08001c61   Thumb Code    20  dw1000.o(.text)
    raw_read                                 0x08001c75   Thumb Code    70  dw1000.o(.text)
    read_status                              0x08001cbb   Thumb Code    18  dw1000.o(.text)
    data_response                            0x08001ccd   Thumb Code   482  dw1000.o(.text)
    parse_rx                                 0x08001eaf   Thumb Code    88  dw1000.o(.text)
    send_LS_ACK                              0x08001f07   Thumb Code   124  dw1000.o(.text)
    Read_VotTmp                              0x08001f83   Thumb Code   116  dw1000.o(.text)
    Read_Tmp                                 0x08001ff7   Thumb Code   272  dw1000.o(.text)
    Init_VotTmp                              0x08002107   Thumb Code    92  dw1000.o(.text)
    SysTick_init                             0x08002165   Thumb Code   106  delay.o(.text)
    Delay_us                                 0x080021cf   Thumb Code    32  delay.o(.text)
    Delay                                    0x080021ef   Thumb Code    64  delay.o(.text)
    delay                                    0x0800222f   Thumb Code    10  delay.o(.text)
    TimingDelay_Decrement                    0x08002239   Thumb Code    18  delay.o(.text)
    Set_System                               0x08002269   Thumb Code    34  hw_config.o(.text)
    Set_USBClock                             0x0800228b   Thumb Code    18  hw_config.o(.text)
    Enter_LowPowerMode                       0x0800229d   Thumb Code     8  hw_config.o(.text)
    Leave_LowPowerMode                       0x080022a5   Thumb Code    28  hw_config.o(.text)
    USB_Interrupts_Config                    0x080022c1   Thumb Code    60  hw_config.o(.text)
    USB_Cable_Config                         0x080022fd   Thumb Code    30  hw_config.o(.text)
    Get_SerialNum                            0x08002359   Thumb Code    42  hw_config.o(.text)
    EP1_IN_Callback                          0x0800239d   Thumb Code    12  usb_endp.o(.text)
    EP3_OUT_Callback                         0x080023a9   Thumb Code   344  usb_endp.o(.text)
    EP2_IN_Callback                          0x08002501   Thumb Code     8  usb_endp.o(.text)
    SOF_Callback                             0x08002509   Thumb Code     2  usb_endp.o(.text)
    USB_Istr                                 0x08002521   Thumb Code   410  usb_istr.o(.text)
    Virtual_Com_Port_init                    0x080026dd   Thumb Code    30  usb_prop.o(.text)
    Virtual_Com_Port_Reset                   0x080026fb   Thumb Code   230  usb_prop.o(.text)
    Virtual_Com_Port_SetConfiguration        0x080027e1   Thumb Code    28  usb_prop.o(.text)
    Virtual_Com_Port_SetDeviceAddress        0x080027fd   Thumb Code     8  usb_prop.o(.text)
    Virtual_Com_Port_Status_In               0x08002805   Thumb Code     2  usb_prop.o(.text)
    Virtual_Com_Port_Status_Out              0x08002807   Thumb Code     2  usb_prop.o(.text)
    Virtual_Com_Port_SetLineCoding           0x08002809   Thumb Code    20  usb_prop.o(.text)
    Virtual_Com_Port_GetLineCoding           0x0800281d   Thumb Code    20  usb_prop.o(.text)
    Virtual_Com_Port_Data_Setup              0x08002831   Thumb Code    86  usb_prop.o(.text)
    Virtual_Com_Port_NoData_Setup            0x08002887   Thumb Code    36  usb_prop.o(.text)
    Virtual_Com_Port_GetDeviceDescriptor     0x080028ab   Thumb Code    14  usb_prop.o(.text)
    Virtual_Com_Port_GetConfigDescriptor     0x080028b9   Thumb Code    14  usb_prop.o(.text)
    Virtual_Com_Port_GetStringDescriptor     0x080028c7   Thumb Code    32  usb_prop.o(.text)
    Virtual_Com_Port_Get_Interface_Setting   0x080028e7   Thumb Code    22  usb_prop.o(.text)
    PowerOn                                  0x08002925   Thumb Code    54  usb_pwr.o(.text)
    PowerOff                                 0x0800295b   Thumb Code    28  usb_pwr.o(.text)
    Suspend                                  0x08002977   Thumb Code   234  usb_pwr.o(.text)
    Resume_Init                              0x08002a61   Thumb Code    30  usb_pwr.o(.text)
    Resume                                   0x08002a7f   Thumb Code   194  usb_pwr.o(.text)
    GPIO_DeInit                              0x08002b5d   Thumb Code   188  stm32f10x_gpio.o(.text)
    GPIO_AFIODeInit                          0x08002c19   Thumb Code    20  stm32f10x_gpio.o(.text)
    GPIO_Init                                0x08002c2d   Thumb Code   274  stm32f10x_gpio.o(.text)
    GPIO_StructInit                          0x08002d3f   Thumb Code    16  stm32f10x_gpio.o(.text)
    GPIO_ReadInputDataBit                    0x08002d4f   Thumb Code    18  stm32f10x_gpio.o(.text)
    GPIO_ReadInputData                       0x08002d61   Thumb Code     8  stm32f10x_gpio.o(.text)
    GPIO_ReadOutputDataBit                   0x08002d69   Thumb Code    18  stm32f10x_gpio.o(.text)
    GPIO_ReadOutputData                      0x08002d7b   Thumb Code     8  stm32f10x_gpio.o(.text)
    GPIO_SetBits                             0x08002d83   Thumb Code     4  stm32f10x_gpio.o(.text)
    GPIO_ResetBits                           0x08002d87   Thumb Code     4  stm32f10x_gpio.o(.text)
    GPIO_WriteBit                            0x08002d8b   Thumb Code    10  stm32f10x_gpio.o(.text)
    GPIO_Write                               0x08002d95   Thumb Code     4  stm32f10x_gpio.o(.text)
    GPIO_PinLockConfig                       0x08002d99   Thumb Code    18  stm32f10x_gpio.o(.text)
    GPIO_EventOutputConfig                   0x08002dab   Thumb Code    26  stm32f10x_gpio.o(.text)
    GPIO_EventOutputCmd                      0x08002dc5   Thumb Code     6  stm32f10x_gpio.o(.text)
    GPIO_PinRemapConfig                      0x08002dcb   Thumb Code   106  stm32f10x_gpio.o(.text)
    GPIO_EXTILineConfig                      0x08002e35   Thumb Code    66  stm32f10x_gpio.o(.text)
    SPI_I2S_DeInit                           0x08002e89   Thumb Code    88  stm32f10x_spi.o(.text)
    SPI_Init                                 0x08002ee1   Thumb Code    60  stm32f10x_spi.o(.text)
    I2S_Init                                 0x08002f1d   Thumb Code   210  stm32f10x_spi.o(.text)
    SPI_StructInit                           0x08002fef   Thumb Code    24  stm32f10x_spi.o(.text)
    I2S_StructInit                           0x08003007   Thumb Code    20  stm32f10x_spi.o(.text)
    SPI_Cmd                                  0x0800301b   Thumb Code    24  stm32f10x_spi.o(.text)
    I2S_Cmd                                  0x08003033   Thumb Code    24  stm32f10x_spi.o(.text)
    SPI_I2S_ITConfig                         0x0800304b   Thumb Code    32  stm32f10x_spi.o(.text)
    SPI_I2S_DMACmd                           0x0800306b   Thumb Code    18  stm32f10x_spi.o(.text)
    SPI_I2S_SendData                         0x0800307d   Thumb Code     4  stm32f10x_spi.o(.text)
    SPI_I2S_ReceiveData                      0x08003081   Thumb Code     6  stm32f10x_spi.o(.text)
    SPI_NSSInternalSoftwareConfig            0x08003087   Thumb Code    30  stm32f10x_spi.o(.text)
    SPI_SSOutputCmd                          0x080030a5   Thumb Code    24  stm32f10x_spi.o(.text)
    SPI_DataSizeConfig                       0x080030bd   Thumb Code    18  stm32f10x_spi.o(.text)
    SPI_TransmitCRC                          0x080030cf   Thumb Code    10  stm32f10x_spi.o(.text)
    SPI_CalculateCRC                         0x080030d9   Thumb Code    24  stm32f10x_spi.o(.text)
    SPI_GetCRC                               0x080030f1   Thumb Code    16  stm32f10x_spi.o(.text)
    SPI_GetCRCPolynomial                     0x08003101   Thumb Code     6  stm32f10x_spi.o(.text)
    SPI_BiDirectionalLineConfig              0x08003107   Thumb Code    28  stm32f10x_spi.o(.text)
    SPI_I2S_GetFlagStatus                    0x08003123   Thumb Code    18  stm32f10x_spi.o(.text)
    SPI_I2S_ClearFlag                        0x08003135   Thumb Code     6  stm32f10x_spi.o(.text)
    SPI_I2S_GetITStatus                      0x0800313b   Thumb Code    52  stm32f10x_spi.o(.text)
    SPI_I2S_ClearITPendingBit                0x0800316f   Thumb Code    20  stm32f10x_spi.o(.text)
    USART_DeInit                             0x08003189   Thumb Code   146  stm32f10x_usart.o(.text)
    USART_Init                               0x0800321b   Thumb Code   150  stm32f10x_usart.o(.text)
    USART_StructInit                         0x080032b1   Thumb Code    24  stm32f10x_usart.o(.text)
    USART_ClockInit                          0x080032c9   Thumb Code    34  stm32f10x_usart.o(.text)
    USART_ClockStructInit                    0x080032eb   Thumb Code    12  stm32f10x_usart.o(.text)
    USART_Cmd                                0x080032f7   Thumb Code    24  stm32f10x_usart.o(.text)
    USART_ITConfig                           0x0800330f   Thumb Code    64  stm32f10x_usart.o(.text)
    USART_DMACmd                             0x0800334f   Thumb Code    18  stm32f10x_usart.o(.text)
    USART_SetAddress                         0x08003361   Thumb Code    18  stm32f10x_usart.o(.text)
    USART_WakeUpConfig                       0x08003373   Thumb Code    18  stm32f10x_usart.o(.text)
    USART_ReceiverWakeUpCmd                  0x08003385   Thumb Code    24  stm32f10x_usart.o(.text)
    USART_LINBreakDetectLengthConfig         0x0800339d   Thumb Code    18  stm32f10x_usart.o(.text)
    USART_LINCmd                             0x080033af   Thumb Code    24  stm32f10x_usart.o(.text)
    USART_SendData                           0x080033c7   Thumb Code     8  stm32f10x_usart.o(.text)
    USART_ReceiveData                        0x080033cf   Thumb Code    10  stm32f10x_usart.o(.text)
    USART_SendBreak                          0x080033d9   Thumb Code    10  stm32f10x_usart.o(.text)
    USART_SetGuardTime                       0x080033e3   Thumb Code    16  stm32f10x_usart.o(.text)
    USART_SetPrescaler                       0x080033f3   Thumb Code    16  stm32f10x_usart.o(.text)
    USART_SmartCardCmd                       0x08003403   Thumb Code    24  stm32f10x_usart.o(.text)
    USART_SmartCardNACKCmd                   0x0800341b   Thumb Code    24  stm32f10x_usart.o(.text)
    USART_HalfDuplexCmd                      0x08003433   Thumb Code    24  stm32f10x_usart.o(.text)
    USART_IrDAConfig                         0x0800344b   Thumb Code    18  stm32f10x_usart.o(.text)
    USART_IrDACmd                            0x0800345d   Thumb Code    24  stm32f10x_usart.o(.text)
    USART_GetFlagStatus                      0x08003475   Thumb Code    18  stm32f10x_usart.o(.text)
    USART_ClearFlag                          0x08003487   Thumb Code     6  stm32f10x_usart.o(.text)
    USART_GetITStatus                        0x0800348d   Thumb Code    76  stm32f10x_usart.o(.text)
    USART_ClearITPendingBit                  0x080034d9   Thumb Code    20  stm32f10x_usart.o(.text)
    NVIC_PriorityGroupConfig                 0x080034f9   Thumb Code    10  misc.o(.text)
    NVIC_Init                                0x08003503   Thumb Code   102  misc.o(.text)
    NVIC_SetVectorTable                      0x08003569   Thumb Code    14  misc.o(.text)
    NVIC_SystemLPConfig                      0x08003577   Thumb Code    34  misc.o(.text)
    SysTick_CLKSourceConfig                  0x08003599   Thumb Code    40  misc.o(.text)
    RCC_DeInit                               0x080035d5   Thumb Code    62  stm32f10x_rcc.o(.text)
    RCC_HSEConfig                            0x08003613   Thumb Code    70  stm32f10x_rcc.o(.text)
    RCC_GetFlagStatus                        0x08003659   Thumb Code    56  stm32f10x_rcc.o(.text)
    RCC_WaitForHSEStartUp                    0x08003691   Thumb Code    54  stm32f10x_rcc.o(.text)
    RCC_AdjustHSICalibrationValue            0x080036c7   Thumb Code    20  stm32f10x_rcc.o(.text)
    RCC_HSICmd                               0x080036db   Thumb Code     6  stm32f10x_rcc.o(.text)
    RCC_PLLConfig                            0x080036e1   Thumb Code    24  stm32f10x_rcc.o(.text)
    RCC_PLLCmd                               0x080036f9   Thumb Code     6  stm32f10x_rcc.o(.text)
    RCC_SYSCLKConfig                         0x080036ff   Thumb Code    18  stm32f10x_rcc.o(.text)
    RCC_GetSYSCLKSource                      0x08003711   Thumb Code    10  stm32f10x_rcc.o(.text)
    RCC_HCLKConfig                           0x0800371b   Thumb Code    18  stm32f10x_rcc.o(.text)
    RCC_PCLK1Config                          0x0800372d   Thumb Code    18  stm32f10x_rcc.o(.text)
    RCC_PCLK2Config                          0x0800373f   Thumb Code    20  stm32f10x_rcc.o(.text)
    RCC_ITConfig                             0x08003753   Thumb Code    26  stm32f10x_rcc.o(.text)
    RCC_USBCLKConfig                         0x0800376d   Thumb Code     6  stm32f10x_rcc.o(.text)
    RCC_ADCCLKConfig                         0x08003773   Thumb Code    18  stm32f10x_rcc.o(.text)
    RCC_LSEConfig                            0x08003785   Thumb Code    44  stm32f10x_rcc.o(.text)
    RCC_LSICmd                               0x080037b1   Thumb Code     6  stm32f10x_rcc.o(.text)
    RCC_RTCCLKConfig                         0x080037b7   Thumb Code    12  stm32f10x_rcc.o(.text)
    RCC_RTCCLKCmd                            0x080037c3   Thumb Code     8  stm32f10x_rcc.o(.text)
    RCC_GetClocksFreq                        0x080037cb   Thumb Code   192  stm32f10x_rcc.o(.text)
    RCC_AHBPeriphClockCmd                    0x0800388b   Thumb Code    26  stm32f10x_rcc.o(.text)
    RCC_APB2PeriphClockCmd                   0x080038a5   Thumb Code    26  stm32f10x_rcc.o(.text)
    RCC_APB1PeriphClockCmd                   0x080038bf   Thumb Code    26  stm32f10x_rcc.o(.text)
    RCC_APB2PeriphResetCmd                   0x080038d9   Thumb Code    26  stm32f10x_rcc.o(.text)
    RCC_APB1PeriphResetCmd                   0x080038f3   Thumb Code    26  stm32f10x_rcc.o(.text)
    RCC_BackupResetCmd                       0x0800390d   Thumb Code     8  stm32f10x_rcc.o(.text)
    RCC_ClockSecuritySystemCmd               0x08003915   Thumb Code     6  stm32f10x_rcc.o(.text)
    RCC_MCOConfig                            0x0800391b   Thumb Code     6  stm32f10x_rcc.o(.text)
    RCC_ClearFlag                            0x08003921   Thumb Code    14  stm32f10x_rcc.o(.text)
    RCC_GetITStatus                          0x0800392f   Thumb Code    20  stm32f10x_rcc.o(.text)
    RCC_ClearITPendingBit                    0x08003943   Thumb Code     6  stm32f10x_rcc.o(.text)
    EXTI_DeInit                              0x08003975   Thumb Code    28  stm32f10x_exti.o(.text)
    EXTI_Init                                0x08003991   Thumb Code   150  stm32f10x_exti.o(.text)
    EXTI_StructInit                          0x08003a27   Thumb Code    16  stm32f10x_exti.o(.text)
    EXTI_GenerateSWInterrupt                 0x08003a37   Thumb Code    16  stm32f10x_exti.o(.text)
    EXTI_GetFlagStatus                       0x08003a47   Thumb Code    22  stm32f10x_exti.o(.text)
    EXTI_ClearFlag                           0x08003a5d   Thumb Code     8  stm32f10x_exti.o(.text)
    EXTI_GetITStatus                         0x08003a65   Thumb Code    34  stm32f10x_exti.o(.text)
    EXTI_ClearITPendingBit                   0x08003a87   Thumb Code     8  stm32f10x_exti.o(.text)
    TIM_DeInit                               0x08003a99   Thumb Code   214  stm32f10x_tim.o(.text)
    TIM_TimeBaseInit                         0x08003b6f   Thumb Code    50  stm32f10x_tim.o(.text)
    TIM_OC1Init                              0x08003ba1   Thumb Code   110  stm32f10x_tim.o(.text)
    TIM_OC2Init                              0x08003c0f   Thumb Code   148  stm32f10x_tim.o(.text)
    TIM_OC3Init                              0x08003ca3   Thumb Code   144  stm32f10x_tim.o(.text)
    TIM_OC4Init                              0x08003d33   Thumb Code   106  stm32f10x_tim.o(.text)
    TIM_SetIC4Prescaler                      0x08003d9d   Thumb Code    26  stm32f10x_tim.o(.text)
    TIM_SetIC3Prescaler                      0x08003e09   Thumb Code    18  stm32f10x_tim.o(.text)
    TIM_SetIC2Prescaler                      0x08003e63   Thumb Code    42  stm32f10x_tim.o(.text)
    TIM_SetIC1Prescaler                      0x08003edd   Thumb Code    18  stm32f10x_tim.o(.text)
    TIM_ICInit                               0x08003f27   Thumb Code   110  stm32f10x_tim.o(.text)
    TIM_PWMIConfig                           0x08003f95   Thumb Code   124  stm32f10x_tim.o(.text)
    TIM_BDTRConfig                           0x08004011   Thumb Code    32  stm32f10x_tim.o(.text)
    TIM_TimeBaseStructInit                   0x08004031   Thumb Code    18  stm32f10x_tim.o(.text)
    TIM_OCStructInit                         0x08004043   Thumb Code    20  stm32f10x_tim.o(.text)
    TIM_ICStructInit                         0x08004057   Thumb Code    18  stm32f10x_tim.o(.text)
    TIM_BDTRStructInit                       0x08004069   Thumb Code    18  stm32f10x_tim.o(.text)
    TIM_Cmd                                  0x0800407b   Thumb Code    24  stm32f10x_tim.o(.text)
    TIM_CtrlPWMOutputs                       0x08004093   Thumb Code    30  stm32f10x_tim.o(.text)
    TIM_ITConfig                             0x080040b1   Thumb Code    18  stm32f10x_tim.o(.text)
    TIM_GenerateEvent                        0x080040c3   Thumb Code     4  stm32f10x_tim.o(.text)
    TIM_DMAConfig                            0x080040c7   Thumb Code    10  stm32f10x_tim.o(.text)
    TIM_DMACmd                               0x080040d1   Thumb Code    18  stm32f10x_tim.o(.text)
    TIM_InternalClockConfig                  0x080040e3   Thumb Code    12  stm32f10x_tim.o(.text)
    TIM_SelectInputTrigger                   0x080040ef   Thumb Code    18  stm32f10x_tim.o(.text)
    TIM_ITRxExternalClockConfig              0x08004101   Thumb Code    24  stm32f10x_tim.o(.text)
    TIM_TIxExternalClockConfig               0x08004119   Thumb Code    62  stm32f10x_tim.o(.text)
    TIM_ETRConfig                            0x08004157   Thumb Code    30  stm32f10x_tim.o(.text)
    TIM_ETRClockMode1Config                  0x08004175   Thumb Code    54  stm32f10x_tim.o(.text)
    TIM_ETRClockMode2Config                  0x080041ab   Thumb Code    32  stm32f10x_tim.o(.text)
    TIM_PrescalerConfig                      0x080041cb   Thumb Code     6  stm32f10x_tim.o(.text)
    TIM_CounterModeConfig                    0x080041d1   Thumb Code    18  stm32f10x_tim.o(.text)
    TIM_EncoderInterfaceConfig               0x080041e3   Thumb Code    66  stm32f10x_tim.o(.text)
    TIM_ForcedOC1Config                      0x08004225   Thumb Code    18  stm32f10x_tim.o(.text)
    TIM_ForcedOC2Config                      0x08004237   Thumb Code    26  stm32f10x_tim.o(.text)
    TIM_ForcedOC3Config                      0x08004251   Thumb Code    18  stm32f10x_tim.o(.text)
    TIM_ForcedOC4Config                      0x08004263   Thumb Code    26  stm32f10x_tim.o(.text)
    TIM_ARRPreloadConfig                     0x0800427d   Thumb Code    24  stm32f10x_tim.o(.text)
    TIM_SelectCOM                            0x08004295   Thumb Code    24  stm32f10x_tim.o(.text)
    TIM_SelectCCDMA                          0x080042ad   Thumb Code    24  stm32f10x_tim.o(.text)
    TIM_CCPreloadControl                     0x080042c5   Thumb Code    24  stm32f10x_tim.o(.text)
    TIM_OC1PreloadConfig                     0x080042dd   Thumb Code    18  stm32f10x_tim.o(.text)
    TIM_OC2PreloadConfig                     0x080042ef   Thumb Code    26  stm32f10x_tim.o(.text)
    TIM_OC3PreloadConfig                     0x08004309   Thumb Code    18  stm32f10x_tim.o(.text)
    TIM_OC4PreloadConfig                     0x0800431b   Thumb Code    26  stm32f10x_tim.o(.text)
    TIM_OC1FastConfig                        0x08004335   Thumb Code    18  stm32f10x_tim.o(.text)
    TIM_OC2FastConfig                        0x08004347   Thumb Code    26  stm32f10x_tim.o(.text)
    TIM_OC3FastConfig                        0x08004361   Thumb Code    18  stm32f10x_tim.o(.text)
    TIM_OC4FastConfig                        0x08004373   Thumb Code    26  stm32f10x_tim.o(.text)
    TIM_ClearOC1Ref                          0x0800438d   Thumb Code    18  stm32f10x_tim.o(.text)
    TIM_ClearOC2Ref                          0x0800439f   Thumb Code    24  stm32f10x_tim.o(.text)
    TIM_ClearOC3Ref                          0x080043b7   Thumb Code    18  stm32f10x_tim.o(.text)
    TIM_ClearOC4Ref                          0x080043c9   Thumb Code    24  stm32f10x_tim.o(.text)
    TIM_OC1PolarityConfig                    0x080043e1   Thumb Code    18  stm32f10x_tim.o(.text)
    TIM_OC1NPolarityConfig                   0x080043f3   Thumb Code    18  stm32f10x_tim.o(.text)
    TIM_OC2PolarityConfig                    0x08004405   Thumb Code    26  stm32f10x_tim.o(.text)
    TIM_OC2NPolarityConfig                   0x0800441f   Thumb Code    26  stm32f10x_tim.o(.text)
    TIM_OC3PolarityConfig                    0x08004439   Thumb Code    26  stm32f10x_tim.o(.text)
    TIM_OC3NPolarityConfig                   0x08004453   Thumb Code    26  stm32f10x_tim.o(.text)
    TIM_OC4PolarityConfig                    0x0800446d   Thumb Code    26  stm32f10x_tim.o(.text)
    TIM_CCxCmd                               0x08004487   Thumb Code    26  stm32f10x_tim.o(.text)
    TIM_CCxNCmd                              0x080044a1   Thumb Code    26  stm32f10x_tim.o(.text)
    TIM_SelectOCxM                           0x080044bb   Thumb Code   134  stm32f10x_tim.o(.text)
    TIM_UpdateDisableConfig                  0x08004541   Thumb Code    24  stm32f10x_tim.o(.text)
    TIM_UpdateRequestConfig                  0x08004559   Thumb Code    24  stm32f10x_tim.o(.text)
    TIM_SelectHallSensor                     0x08004571   Thumb Code    24  stm32f10x_tim.o(.text)
    TIM_SelectOnePulseMode                   0x08004589   Thumb Code    18  stm32f10x_tim.o(.text)
    TIM_SelectOutputTrigger                  0x0800459b   Thumb Code    18  stm32f10x_tim.o(.text)
    TIM_SelectSlaveMode                      0x080045ad   Thumb Code    18  stm32f10x_tim.o(.text)
    TIM_SelectMasterSlaveMode                0x080045bf   Thumb Code    18  stm32f10x_tim.o(.text)
    TIM_SetCounter                           0x080045d1   Thumb Code     4  stm32f10x_tim.o(.text)
    TIM_SetAutoreload                        0x080045d5   Thumb Code     4  stm32f10x_tim.o(.text)
    TIM_SetCompare1                          0x080045d9   Thumb Code     4  stm32f10x_tim.o(.text)
    TIM_SetCompare2                          0x080045dd   Thumb Code     4  stm32f10x_tim.o(.text)
    TIM_SetCompare3                          0x080045e1   Thumb Code     4  stm32f10x_tim.o(.text)
    TIM_SetCompare4                          0x080045e5   Thumb Code     6  stm32f10x_tim.o(.text)
    TIM_SetClockDivision                     0x080045eb   Thumb Code    14  stm32f10x_tim.o(.text)
    TIM_GetCapture1                          0x080045f9   Thumb Code     6  stm32f10x_tim.o(.text)
    TIM_GetCapture2                          0x080045ff   Thumb Code     6  stm32f10x_tim.o(.text)
    TIM_GetCapture3                          0x08004605   Thumb Code     6  stm32f10x_tim.o(.text)
    TIM_GetCapture4                          0x0800460b   Thumb Code     8  stm32f10x_tim.o(.text)
    TIM_GetCounter                           0x08004613   Thumb Code     6  stm32f10x_tim.o(.text)
    TIM_GetPrescaler                         0x08004619   Thumb Code     6  stm32f10x_tim.o(.text)
    TIM_GetFlagStatus                        0x0800461f   Thumb Code    18  stm32f10x_tim.o(.text)
    TIM_ClearFlag                            0x08004631   Thumb Code     6  stm32f10x_tim.o(.text)
    TIM_GetITStatus                          0x08004637   Thumb Code    34  stm32f10x_tim.o(.text)
    TIM_ClearITPendingBit                    0x08004659   Thumb Code     6  stm32f10x_tim.o(.text)
    Standard_GetConfiguration                0x08004661   Thumb Code    34  usb_core.o(.text)
    Standard_SetConfiguration                0x08004683   Thumb Code    60  usb_core.o(.text)
    Standard_GetInterface                    0x080046bf   Thumb Code    34  usb_core.o(.text)
    Standard_SetInterface                    0x080046e1   Thumb Code    96  usb_core.o(.text)
    Standard_GetStatus                       0x08004741   Thumb Code   230  usb_core.o(.text)
    Standard_ClearFeature                    0x08004827   Thumb Code   308  usb_core.o(.text)
    Standard_SetEndPointFeature              0x0800495b   Thumb Code   168  usb_core.o(.text)
    Standard_SetDeviceFeature                0x08004a03   Thumb Code    30  usb_core.o(.text)
    Standard_GetDescriptorData               0x08004a21   Thumb Code    32  usb_core.o(.text)
    Post0_Process                            0x08004f63   Thumb Code    54  usb_core.o(.text)
    Setup0_Process                           0x08004f99   Thumb Code   170  usb_core.o(.text)
    SetDeviceAddress                         0x08005043   Thumb Code    66  usb_core.o(.text)
    In0_Process                              0x08005085   Thumb Code    98  usb_core.o(.text)
    Out0_Process                             0x080050e7   Thumb Code    70  usb_core.o(.text)
    NOP_Process                              0x0800512d   Thumb Code     2  usb_core.o(.text)
    CTR_LP                                   0x08005159   Thumb Code   588  usb_int.o(.text)
    CTR_HP                                   0x080053a5   Thumb Code   156  usb_int.o(.text)
    UserToPMABufferCopy                      0x0800545d   Thumb Code    52  usb_mem.o(.text)
    PMAToUserBufferCopy                      0x08005491   Thumb Code    34  usb_mem.o(.text)
    SetCNTR                                  0x080054b9   Thumb Code     6  usb_regs.o(.text)
    GetCNTR                                  0x080054bf   Thumb Code     8  usb_regs.o(.text)
    SetISTR                                  0x080054c7   Thumb Code     8  usb_regs.o(.text)
    GetISTR                                  0x080054cf   Thumb Code    10  usb_regs.o(.text)
    GetFNR                                   0x080054d9   Thumb Code    10  usb_regs.o(.text)
    SetDADDR                                 0x080054e3   Thumb Code     8  usb_regs.o(.text)
    GetDADDR                                 0x080054eb   Thumb Code    10  usb_regs.o(.text)
    SetBTABLE                                0x080054f5   Thumb Code    14  usb_regs.o(.text)
    GetBTABLE                                0x08005503   Thumb Code    10  usb_regs.o(.text)
    SetENDPOINT                              0x0800550d   Thumb Code    10  usb_regs.o(.text)
    GetENDPOINT                              0x08005517   Thumb Code    14  usb_regs.o(.text)
    SetEPType                                0x08005525   Thumb Code    26  usb_regs.o(.text)
    GetEPType                                0x0800553f   Thumb Code    16  usb_regs.o(.text)
    SetEPTxStatus                            0x0800554f   Thumb Code    56  usb_regs.o(.text)
    SetEPRxStatus                            0x08005587   Thumb Code    56  usb_regs.o(.text)
    SetDouBleBuffEPStall                     0x080055bf   Thumb Code    50  usb_regs.o(.text)
    GetEPTxStatus                            0x080055f1   Thumb Code    16  usb_regs.o(.text)
    GetEPRxStatus                            0x08005601   Thumb Code    16  usb_regs.o(.text)
    SetEPTxValid                             0x08005611   Thumb Code    42  usb_regs.o(.text)
    SetEPRxValid                             0x0800563b   Thumb Code    42  usb_regs.o(.text)
    SetEP_KIND                               0x08005665   Thumb Code    34  usb_regs.o(.text)
    ClearEP_KIND                             0x08005687   Thumb Code    30  usb_regs.o(.text)
    Clear_Status_Out                         0x080056a5   Thumb Code    30  usb_regs.o(.text)
    Set_Status_Out                           0x080056c3   Thumb Code    34  usb_regs.o(.text)
    SetEPDoubleBuff                          0x080056e5   Thumb Code    34  usb_regs.o(.text)
    ClearEPDoubleBuff                        0x08005707   Thumb Code    30  usb_regs.o(.text)
    GetTxStallStatus                         0x08005725   Thumb Code    26  usb_regs.o(.text)
    GetRxStallStatus                         0x0800573f   Thumb Code    28  usb_regs.o(.text)
    ClearEP_CTR_RX                           0x0800575b   Thumb Code    28  usb_regs.o(.text)
    ClearEP_CTR_TX                           0x08005777   Thumb Code    24  usb_regs.o(.text)
    ToggleDTOG_RX                            0x0800578f   Thumb Code    30  usb_regs.o(.text)
    ToggleDTOG_TX                            0x080057ad   Thumb Code    30  usb_regs.o(.text)
    ClearDTOG_RX                             0x080057cb   Thumb Code    44  usb_regs.o(.text)
    ClearDTOG_TX                             0x080057f7   Thumb Code    44  usb_regs.o(.text)
    SetEPAddress                             0x08005823   Thumb Code    32  usb_regs.o(.text)
    GetEPAddress                             0x08005843   Thumb Code    16  usb_regs.o(.text)
    SetEPTxAddr                              0x08005853   Thumb Code    26  usb_regs.o(.text)
    SetEPRxAddr                              0x0800586d   Thumb Code    28  usb_regs.o(.text)
    GetEPTxAddr                              0x08005889   Thumb Code    32  usb_regs.o(.text)
    GetEPRxAddr                              0x080058a9   Thumb Code    24  usb_regs.o(.text)
    SetEPTxCount                             0x080058c1   Thumb Code    20  usb_regs.o(.text)
    SetEPCountRxReg                          0x080058d5   Thumb Code    48  usb_regs.o(.text)
    SetEPRxCount                             0x08005905   Thumb Code    68  usb_regs.o(.text)
    GetEPTxCount                             0x08005949   Thumb Code    26  usb_regs.o(.text)
    GetEPRxCount                             0x08005963   Thumb Code    26  usb_regs.o(.text)
    SetEPDblBuffAddr                         0x0800597d   Thumb Code    44  usb_regs.o(.text)
    SetEPDblBuf0Addr                         0x080059a9   Thumb Code    24  usb_regs.o(.text)
    SetEPDblBuf1Addr                         0x080059c1   Thumb Code    26  usb_regs.o(.text)
    GetEPDblBuf0Addr                         0x080059db   Thumb Code    22  usb_regs.o(.text)
    GetEPDblBuf1Addr                         0x080059f1   Thumb Code    24  usb_regs.o(.text)
    SetEPDblBuffCount                        0x08005a09   Thumb Code   186  usb_regs.o(.text)
    SetEPDblBuf0Count                        0x08005ac3   Thumb Code    96  usb_regs.o(.text)
    SetEPDblBuf1Count                        0x08005b23   Thumb Code    96  usb_regs.o(.text)
    GetEPDblBuf0Count                        0x08005b83   Thumb Code    26  usb_regs.o(.text)
    GetEPDblBuf1Count                        0x08005b9d   Thumb Code    26  usb_regs.o(.text)
    GetEPDblBufDir                           0x08005bb7   Thumb Code    62  usb_regs.o(.text)
    FreeUserBuffer                           0x08005bf5   Thumb Code    68  usb_regs.o(.text)
    ToWord                                   0x08005c39   Thumb Code     8  usb_regs.o(.text)
    ByteSwap                                 0x08005c41   Thumb Code    12  usb_regs.o(.text)
    USB_SIL_Init                             0x08005c55   Thumb Code    28  usb_sil.o(.text)
    USB_SIL_Write                            0x08005c71   Thumb Code    46  usb_sil.o(.text)
    USB_SIL_Read                             0x08005c9f   Thumb Code    46  usb_sil.o(.text)
    SystemInit                               0x08005db7   Thumb Code    68  system_stm32f10x.o(.text)
    __aeabi_memcpy                           0x08005e0d   Thumb Code    36  memcpya.o(.text)
    __aeabi_memcpy4                          0x08005e0d   Thumb Code     0  memcpya.o(.text)
    __aeabi_memcpy8                          0x08005e0d   Thumb Code     0  memcpya.o(.text)
    __aeabi_memset                           0x08005e31   Thumb Code    14  memseta.o(.text)
    __aeabi_memset4                          0x08005e31   Thumb Code     0  memseta.o(.text)
    __aeabi_memset8                          0x08005e31   Thumb Code     0  memseta.o(.text)
    __aeabi_memclr                           0x08005e3f   Thumb Code     4  memseta.o(.text)
    __aeabi_memclr4                          0x08005e3f   Thumb Code     0  memseta.o(.text)
    __aeabi_memclr8                          0x08005e3f   Thumb Code     0  memseta.o(.text)
    _memset$wrapper                          0x08005e43   Thumb Code    18  memseta.o(.text)
    __aeabi_dadd                             0x08005e55   Thumb Code   322  dadd.o(.text)
    __aeabi_dsub                             0x08005f97   Thumb Code     6  dadd.o(.text)
    __aeabi_drsub                            0x08005f9d   Thumb Code     6  dadd.o(.text)
    __aeabi_dmul                             0x08005fa3   Thumb Code   228  dmul.o(.text)
    __aeabi_ddiv                             0x08006087   Thumb Code   222  ddiv.o(.text)
    __aeabi_i2d                              0x08006165   Thumb Code    34  dflti.o(.text)
    __aeabi_ui2d                             0x08006187   Thumb Code    26  dfltui.o(.text)
    __aeabi_cdrcmple                         0x080061a1   Thumb Code    38  cdrcmple.o(.text)
    __aeabi_uidiv                            0x080061c9   Thumb Code     0  uidiv.o(.text)
    __aeabi_uidivmod                         0x080061c9   Thumb Code    44  uidiv.o(.text)
    __aeabi_uldivmod                         0x080061f5   Thumb Code    98  uldiv.o(.text)
    __aeabi_llsl                             0x08006257   Thumb Code    30  llshl.o(.text)
    _ll_shift_l                              0x08006257   Thumb Code     0  llshl.o(.text)
    __aeabi_lasr                             0x08006275   Thumb Code    36  llsshr.o(.text)
    _ll_sshift_r                             0x08006275   Thumb Code     0  llsshr.o(.text)
    __I$use$fp                               0x08006299   Thumb Code     0  iusefp.o(.text)
    _double_round                            0x08006299   Thumb Code    26  depilogue.o(.text)
    _double_epilogue                         0x080062b3   Thumb Code   164  depilogue.o(.text)
    __ARM_scalbn                             0x08006357   Thumb Code    46  dscalb.o(.text)
    scalbn                                   0x08006357   Thumb Code     0  dscalb.o(.text)
    __aeabi_d2ulz                            0x08006385   Thumb Code    48  dfixul.o(.text)
    __aeabi_cdcmpeq                          0x080063b5   Thumb Code     0  cdcmple.o(.text)
    __aeabi_cdcmple                          0x080063b5   Thumb Code    38  cdcmple.o(.text)
    __scatterload                            0x080063dd   Thumb Code    28  init.o(.text)
    __scatterload_rt2                        0x080063dd   Thumb Code     0  init.o(.text)
    __aeabi_llsr                             0x08006401   Thumb Code    32  llushr.o(.text)
    _ll_ushift_r                             0x08006401   Thumb Code     0  llushr.o(.text)
    __decompress                             0x08006421   Thumb Code     0  __dczerorl2.o(.text)
    __decompress1                            0x08006421   Thumb Code    92  __dczerorl2.o(.text)
    __0printf                                0x0800647d   Thumb Code    22  printfa.o(i.__0printf)
    __1printf                                0x0800647d   Thumb Code     0  printfa.o(i.__0printf)
    __2printf                                0x0800647d   Thumb Code     0  printfa.o(i.__0printf)
    __c89printf                              0x0800647d   Thumb Code     0  printfa.o(i.__0printf)
    printf                                   0x0800647d   Thumb Code     0  printfa.o(i.__0printf)
    __kernel_poly                            0x0800649d   Thumb Code   170  poly.o(i.__kernel_poly)
    __scatterload_copy                       0x08006547   Thumb Code    14  handlers.o(i.__scatterload_copy)
    __scatterload_null                       0x08006555   Thumb Code     2  handlers.o(i.__scatterload_null)
    __scatterload_zeroinit                   0x08006557   Thumb Code    14  handlers.o(i.__scatterload_zeroinit)
    __set_errno                              0x08006565   Thumb Code     6  errno.o(i.__set_errno)
    log                                      0x08006e15   Thumb Code   822  log.o(i.log)
    broadcast_addr                           0x08007184   Data           8  dw1000.o(.constdata)
    Virtual_Com_Port_DeviceDescriptor        0x0800718c   Data          18  usb_desc.o(.constdata)
    Virtual_Com_Port_ConfigDescriptor        0x0800719e   Data          39  usb_desc.o(.constdata)
    Virtual_Com_Port_StringLangID            0x080071c5   Data           4  usb_desc.o(.constdata)
    Virtual_Com_Port_StringVendor            0x080071c9   Data          16  usb_desc.o(.constdata)
    Virtual_Com_Port_StringProduct           0x080071d9   Data          34  usb_desc.o(.constdata)
    SystemFrequency                          0x080071fc   Data           4  system_stm32f10x.o(.constdata)
    SystemFrequency_SysClk                   0x08007200   Data           4  system_stm32f10x.o(.constdata)
    SystemFrequency_AHBClk                   0x08007204   Data           4  system_stm32f10x.o(.constdata)
    SystemFrequency_APB1Clk                  0x08007208   Data           4  system_stm32f10x.o(.constdata)
    SystemFrequency_APB2Clk                  0x0800720c   Data           4  system_stm32f10x.o(.constdata)
    __mathlib_zero                           0x08007248   Data           8  qnan.o(.constdata)
    Region$$Table$$Base                      0x08007250   Number         0  anon$$obj.o(Region$$Table)
    Region$$Table$$Limit                     0x08007270   Number         0  anon$$obj.o(Region$$Table)
    time_up                                  0x20000000   Data           1  stm32f10x_it.o(.data)
    status_flag                              0x20000001   Data           1  stm32f10x_it.o(.data)
    distance_flag                            0x20000002   Data           1  stm32f10x_it.o(.data)
    usart_index                              0x20000010   Data           1  stm32f10x_it.o(.data)
    usart_status                             0x20000011   Data           1  stm32f10x_it.o(.data)
    toggle                                   0x20000018   Data           1  dw1000.o(.data)
    Sequence_Number                          0x20000019   Data           1  dw1000.o(.data)
    time_offset                              0x2000001c   Data           4  dw1000.o(.data)
    speed_offset                             0x20000020   Data           1  dw1000.o(.data)
    Length                                   0x20000024   Data           4  dw1000.o(.data)
    Head                                     0x20000028   Data           4  dw1000.o(.data)
    Tail                                     0x2000002c   Data           4  dw1000.o(.data)
    int_Send_Buffer                          0x20000034   Data           2  dw1000.o(.data)
    mac                                      0x20000036   Data           8  dw1000.o(.data)
    emac                                     0x2000003e   Data           6  dw1000.o(.data)
    Tx_stp_L                                 0x20000044   Data           4  dw1000.o(.data)
    Tx_stp_H                                 0x20000048   Data           1  dw1000.o(.data)
    Rx_stp_L                                 0x2000004c   Data           4  dw1000.o(.data)
    Rx_stp_H                                 0x20000050   Data           1  dw1000.o(.data)
    Tx_diff                                  0x20000054   Data           4  dw1000.o(.data)
    Tx_stp_HT                                0x20000058   Data           3  dw1000.o(.data)
    Rx_stp_HT                                0x2000005b   Data           3  dw1000.o(.data)
    u32_diff                                 0x20000060   Data           4  dw1000.o(.data)
    std_noise                                0x20000064   Data           2  dw1000.o(.data)
    fp_ampl1                                 0x20000066   Data           2  dw1000.o(.data)
    fp_ampl2                                 0x20000068   Data           2  dw1000.o(.data)
    fp_ampl3                                 0x2000006a   Data           2  dw1000.o(.data)
    cir_mxg                                  0x2000006c   Data           2  dw1000.o(.data)
    rxpacc                                   0x2000006e   Data           2  dw1000.o(.data)
    fppl                                     0x20000070   Data           8  dw1000.o(.data)
    rxl                                      0x20000078   Data           8  dw1000.o(.data)
    EXTI_InitStructure                       0x20000084   Data           8  hw_config.o(.data)
    Virtual_Com_Port_StringSerial            0x2000008c   Data          26  usb_desc.o(.data)
    PrevXferComplete                         0x200000a8   Data           1  usb_endp.o(.data)
    data                                     0x200000ac   Data          64  usb_endp.o(.data)
    int_Receive_Buffer                       0x200000ec   Data           2  usb_endp.o(.data)
    count                                    0x200000f0   Data           4  usb_endp.o(.data)
    bIntPackSOF                              0x200000f4   Data           1  usb_istr.o(.data)
    esof_counter                             0x200000f8   Data           4  usb_istr.o(.data)
    wCNTR                                    0x200000fc   Data           4  usb_istr.o(.data)
    pEpInt_IN                                0x20000100   Data          28  usb_istr.o(.data)
    pEpInt_OUT                               0x2000011c   Data          28  usb_istr.o(.data)
    wIstr                                    0x20000138   Data           2  usb_istr.o(.data)
    Request                                  0x2000013c   Data           1  usb_prop.o(.data)
    linecoding                               0x20000140   Data           8  usb_prop.o(.data)
    Device_Table                             0x20000148   Data           2  usb_prop.o(.data)
    Device_Property                          0x2000014c   Data          48  usb_prop.o(.data)
    User_Standard_Requests                   0x2000017c   Data          36  usb_prop.o(.data)
    Device_Descriptor                        0x200001a0   Data           8  usb_prop.o(.data)
    Config_Descriptor                        0x200001a8   Data           8  usb_prop.o(.data)
    String_Descriptor                        0x200001b0   Data          32  usb_prop.o(.data)
    bDeviceState                             0x200001d0   Data           4  usb_pwr.o(.data)
    fSuspendEnabled                          0x200001d4   Data           1  usb_pwr.o(.data)
    remotewakeupon                           0x200001d8   Data           4  usb_pwr.o(.data)
    ResumeS                                  0x200001dc   Data           2  usb_pwr.o(.data)
    Data_Mul_MaxPacketSize                   0x200001f2   Data           1  usb_core.o(.data)
    StatusInfo                               0x200001f4   Data           2  usb_core.o(.data)
    EPindex                                  0x200001f8   Data           1  usb_init.o(.data)
    pInformation                             0x200001fc   Data           4  usb_init.o(.data)
    pProperty                                0x20000200   Data           4  usb_init.o(.data)
    SaveState                                0x20000204   Data           2  usb_init.o(.data)
    wInterrupt_Mask                          0x20000206   Data           2  usb_init.o(.data)
    pUser_Standard_Requests                  0x20000208   Data           4  usb_init.o(.data)
    SaveRState                               0x2000020c   Data           2  usb_int.o(.data)
    SaveTState                               0x2000020e   Data           2  usb_int.o(.data)
    __stdout                                 0x20000210   Data           4  stdout.o(.data)
    usart_buffer                             0x20000218   Data          64  stm32f10x_it.o(.bss)
    Tx_stp_LT                                0x20000258   Data          12  dw1000.o(.bss)
    Rx_stp_LT                                0x20000264   Data          12  dw1000.o(.bss)
    Tx_Buff                                  0x20000270   Data         128  dw1000.o(.bss)
    Rx_Buff                                  0x200002f0   Data         128  dw1000.o(.bss)
    LS_DATA                                  0x20000370   Data          12  dw1000.o(.bss)
    distance                                 0x20000380   Data          24  dw1000.o(.bss)
    Queue                                    0x20000398   Data       16384  dw1000.o(.bss)
    buf                                      0x20004398   Data          64  dw1000.o(.bss)
    in_buf                                   0x200043d8   Data          64  usb_endp.o(.bss)
    out_buf                                  0x20004418   Data          64  usb_endp.o(.bss)
    Buffer                                   0x20004458   Data         128  usb_endp.o(.bss)
    EP                                       0x200044d8   Data          32  usb_pwr.o(.bss)
    Device_Info                              0x200044f8   Data          28  usb_init.o(.bss)
    __initial_sp                             0x20004718   Data           0  startup_stm32f10x_hd.o(STACK)



==============================================================================

Memory Map of the image

  Image Entry point : 0x08000131

  Load Region LR_IROM1 (Base: 0x08000000, Size: 0x00007488, Max: 0x00010000, ABSOLUTE, COMPRESSED[0x00007308])

    Execution Region ER_IROM1 (Base: 0x08000000, Size: 0x00007270, Max: 0x00010000, ABSOLUTE)

    Base Addr    Size         Type   Attr      Idx    E Section Name        Object

    0x08000000   0x00000130   Data   RO            3    RESET               startup_stm32f10x_hd.o
    0x08000130   0x00000000   Code   RO          595  * .ARM.Collect$$$$00000000  mc_w.l(entry.o)
    0x08000130   0x00000004   Code   RO          892    .ARM.Collect$$$$00000001  mc_w.l(entry2.o)
    0x08000134   0x00000004   Code   RO          895    .ARM.Collect$$$$00000004  mc_w.l(entry5.o)
    0x08000138   0x00000000   Code   RO          897    .ARM.Collect$$$$00000008  mc_w.l(entry7b.o)
    0x08000138   0x00000000   Code   RO          899    .ARM.Collect$$$$0000000A  mc_w.l(entry8b.o)
    0x08000138   0x00000008   Code   RO          900    .ARM.Collect$$$$0000000B  mc_w.l(entry9a.o)
    0x08000140   0x00000000   Code   RO          902    .ARM.Collect$$$$0000000D  mc_w.l(entry10a.o)
    0x08000140   0x00000000   Code   RO          904    .ARM.Collect$$$$0000000F  mc_w.l(entry11a.o)
    0x08000140   0x00000004   Code   RO          893    .ARM.Collect$$$$00002712  mc_w.l(entry2.o)
    0x08000144   0x00000030   Code   RO            4    .text               startup_stm32f10x_hd.o
    0x08000174   0x00000360   Code   RO           10    .text               main.o
    0x080004d4   0x000008d8   Code   RO          130    .text               stm32f10x_it.o
    0x08000dac   0x0000022c   Code   RO          165    .text               spi.o
    0x08000fd8   0x00000398   Code   RO          177    .text               usart.o
    0x08001370   0x00000df2   Code   RO          191    .text               dw1000.o
    0x08002162   0x00000002   PAD
    0x08002164   0x00000104   Code   RO          216    .text               delay.o
    0x08002268   0x00000134   Code   RO          235    .text               hw_config.o
    0x0800239c   0x00000184   Code   RO          266    .text               usb_endp.o
    0x08002520   0x000001bc   Code   RO          286    .text               usb_istr.o
    0x080026dc   0x00000248   Code   RO          304    .text               usb_prop.o
    0x08002924   0x00000238   Code   RO          327    .text               usb_pwr.o
    0x08002b5c   0x0000032c   Code   RO          361    .text               stm32f10x_gpio.o
    0x08002e88   0x00000300   Code   RO          373    .text               stm32f10x_spi.o
    0x08003188   0x00000370   Code   RO          385    .text               stm32f10x_usart.o
    0x080034f8   0x000000dc   Code   RO          397    .text               misc.o
    0x080035d4   0x000003a0   Code   RO          409    .text               stm32f10x_rcc.o
    0x08003974   0x00000124   Code   RO          423    .text               stm32f10x_exti.o
    0x08003a98   0x00000bc6   Code   RO          435    .text               stm32f10x_tim.o
    0x0800465e   0x00000002   PAD
    0x08004660   0x00000af8   Code   RO          447    .text               usb_core.o
    0x08005158   0x00000304   Code   RO          485    .text               usb_int.o
    0x0800545c   0x0000005c   Code   RO          509    .text               usb_mem.o
    0x080054b8   0x0000079c   Code   RO          521    .text               usb_regs.o
    0x08005c54   0x00000080   Code   RO          533    .text               usb_sil.o
    0x08005cd4   0x00000138   Code   RO          567    .text               system_stm32f10x.o
    0x08005e0c   0x00000024   Code   RO          598    .text               mc_w.l(memcpya.o)
    0x08005e30   0x00000024   Code   RO          600    .text               mc_w.l(memseta.o)
    0x08005e54   0x0000014e   Code   RO          869    .text               mf_w.l(dadd.o)
    0x08005fa2   0x000000e4   Code   RO          871    .text               mf_w.l(dmul.o)
    0x08006086   0x000000de   Code   RO          873    .text               mf_w.l(ddiv.o)
    0x08006164   0x00000022   Code   RO          877    .text               mf_w.l(dflti.o)
    0x08006186   0x0000001a   Code   RO          879    .text               mf_w.l(dfltui.o)
    0x080061a0   0x00000028   Code   RO          885    .text               mf_w.l(cdrcmple.o)
    0x080061c8   0x0000002c   Code   RO          907    .text               mc_w.l(uidiv.o)
    0x080061f4   0x00000062   Code   RO          909    .text               mc_w.l(uldiv.o)
    0x08006256   0x0000001e   Code   RO          911    .text               mc_w.l(llshl.o)
    0x08006274   0x00000024   Code   RO          913    .text               mc_w.l(llsshr.o)
    0x08006298   0x00000000   Code   RO          922    .text               mc_w.l(iusefp.o)
    0x08006298   0x000000be   Code   RO          925    .text               mf_w.l(depilogue.o)
    0x08006356   0x0000002e   Code   RO          927    .text               mf_w.l(dscalb.o)
    0x08006384   0x00000030   Code   RO          929    .text               mf_w.l(dfixul.o)
    0x080063b4   0x00000028   Code   RO          931    .text               mf_w.l(cdcmple.o)
    0x080063dc   0x00000024   Code   RO          933    .text               mc_w.l(init.o)
    0x08006400   0x00000020   Code   RO          935    .text               mc_w.l(llushr.o)
    0x08006420   0x0000005c   Code   RO          945    .text               mc_w.l(__dczerorl2.o)
    0x0800647c   0x00000020   Code   RO          837    i.__0printf         mc_w.l(printfa.o)
    0x0800649c   0x000000aa   Code   RO          889    i.__kernel_poly     m_ws.l(poly.o)
    0x08006546   0x0000000e   Code   RO          939    i.__scatterload_copy  mc_w.l(handlers.o)
    0x08006554   0x00000002   Code   RO          940    i.__scatterload_null  mc_w.l(handlers.o)
    0x08006556   0x0000000e   Code   RO          941    i.__scatterload_zeroinit  mc_w.l(handlers.o)
    0x08006564   0x0000000c   Code   RO          917    i.__set_errno       mc_w.l(errno.o)
    0x08006570   0x0000015c   Code   RO          844    i._fp_digits        mc_w.l(printfa.o)
    0x080066cc   0x000006f0   Code   RO          845    i._printf_core      mc_w.l(printfa.o)
    0x08006dbc   0x00000026   Code   RO          846    i._printf_post_padding  mc_w.l(printfa.o)
    0x08006de2   0x00000030   Code   RO          847    i._printf_pre_padding  mc_w.l(printfa.o)
    0x08006e12   0x00000002   PAD
    0x08006e14   0x00000370   Code   RO          586    i.log               m_ws.l(log.o)
    0x08007184   0x00000008   Data   RO          193    .constdata          dw1000.o
    0x0800718c   0x0000006f   Data   RO          253    .constdata          usb_desc.o
    0x080071fb   0x00000001   PAD
    0x080071fc   0x00000014   Data   RO          568    .constdata          system_stm32f10x.o
    0x08007210   0x00000038   Data   RO          587    .constdata          m_ws.l(log.o)
    0x08007248   0x00000008   Data   RO          891    .constdata          m_ws.l(qnan.o)
    0x08007250   0x00000020   Data   RO          937    Region$$Table       anon$$obj.o


    Execution Region RW_IRAM1 (Base: 0x20000000, Size: 0x00004718, Max: 0x00005000, ABSOLUTE, COMPRESSED[0x00000098])

    Base Addr    Size         Type   Attr      Idx    E Section Name        Object

    0x20000000   0x00000012   Data   RW          132    .data               stm32f10x_it.o
    0x20000012   0x00000002   PAD
    0x20000014   0x00000004   Data   RW          178    .data               usart.o
    0x20000018   0x00000068   Data   RW          194    .data               dw1000.o
    0x20000080   0x00000004   Data   RW          217    .data               delay.o
    0x20000084   0x00000008   Data   RW          236    .data               hw_config.o
    0x2000008c   0x0000001a   Data   RW          254    .data               usb_desc.o
    0x200000a6   0x00000002   PAD
    0x200000a8   0x0000004c   Data   RW          268    .data               usb_endp.o
    0x200000f4   0x00000046   Data   RW          287    .data               usb_istr.o
    0x2000013a   0x00000002   PAD
    0x2000013c   0x00000094   Data   RW          305    .data               usb_prop.o
    0x200001d0   0x0000000e   Data   RW          329    .data               usb_pwr.o
    0x200001de   0x00000014   Data   RW          410    .data               stm32f10x_rcc.o
    0x200001f2   0x00000004   Data   RW          448    .data               usb_core.o
    0x200001f6   0x00000002   PAD
    0x200001f8   0x00000014   Data   RW          464    .data               usb_init.o
    0x2000020c   0x00000004   Data   RW          486    .data               usb_int.o
    0x20000210   0x00000004   Data   RW          906    .data               mc_w.l(stdout.o)
    0x20000214   0x00000004   Data   RW          918    .data               mc_w.l(errno.o)
    0x20000218   0x00000040   Zero   RW          131    .bss                stm32f10x_it.o
    0x20000258   0x00004180   Zero   RW          192    .bss                dw1000.o
    0x200043d8   0x00000100   Zero   RW          267    .bss                usb_endp.o
    0x200044d8   0x00000020   Zero   RW          328    .bss                usb_pwr.o
    0x200044f8   0x0000001c   Zero   RW          463    .bss                usb_init.o
    0x20004514   0x00000004   PAD
    0x20004518   0x00000200   Zero   RW            1    STACK               startup_stm32f10x_hd.o


==============================================================================

Image component sizes


      Code (inc. data)   RO Data    RW Data    ZI Data      Debug   Object Name

       260         30          0          4          0      16361   delay.o
      3570        386          8        104      16768       7844   dw1000.o
       308         26          0          8          0       3086   hw_config.o
       864        220          0          0          0     272414   main.o
       220         20          0          0          0       1649   misc.o
       556         36          0          0          0       1547   spi.o
        48         12        304          0        512        836   startup_stm32f10x_hd.o
       292         10          0          0          0       2035   stm32f10x_exti.o
       812         18          0          0          0       5019   stm32f10x_gpio.o
      2264        612          0         18         64       4846   stm32f10x_it.o
       928         44          0         20          0       8600   stm32f10x_rcc.o
       768          6          0          0          0       6162   stm32f10x_spi.o
      3014         16          0          0          0      23724   stm32f10x_tim.o
       880         12          0          0          0       7631   stm32f10x_usart.o
       312         18         20          0          0       1529   system_stm32f10x.o
       920        292          0          4          0       1454   usart.o
      2808        104          0          4          0       7823   usb_core.o
         0          0        111         26          0        891   usb_desc.o
       388         22          0         76        256       1885   usb_endp.o
         0          0          0         20         28       3371   usb_init.o
       772         28          0          4          0       1635   usb_int.o
       444         34          0         70          0       1351   usb_istr.o
        92          6          0          0          0       1218   usb_mem.o
       584         40          0        148          0       6955   usb_prop.o
       568         36          0         14         32       2575   usb_pwr.o
      1948         16          0          0          0      11381   usb_regs.o
       128          8          0          0          0       1238   usb_sil.o

    ----------------------------------------------------------------------
     23752       2052        476        528      17664     405060   Object Totals
         0          0         32          0          0          0   (incl. Generated)
         4          0          1          8          4          0   (incl. Padding)

    ----------------------------------------------------------------------

      Code (inc. data)   RO Data    RW Data    ZI Data      Debug   Library Member Name

       880         58         56          0          0        264   log.o
       170          0          0          0          0         96   poly.o
         0          0          8          0          0          0   qnan.o
        92          0          0          0          0          0   __dczerorl2.o
         0          0          0          0          0          0   entry.o
         0          0          0          0          0          0   entry10a.o
         0          0          0          0          0          0   entry11a.o
         8          4          0          0          0          0   entry2.o
         4          0          0          0          0          0   entry5.o
         0          0          0          0          0          0   entry7b.o
         0          0          0          0          0          0   entry8b.o
         8          4          0          0          0          0   entry9a.o
        12          6          0          4          0         68   errno.o
        30          0          0          0          0          0   handlers.o
        36          8          0          0          0         68   init.o
         0          0          0          0          0          0   iusefp.o
        30          0          0          0          0         68   llshl.o
        36          0          0          0          0         68   llsshr.o
        32          0          0          0          0         68   llushr.o
        36          0          0          0          0         68   memcpya.o
        36          0          0          0          0        108   memseta.o
      2242         90          0          0          0        444   printfa.o
         0          0          0          4          0          0   stdout.o
        44          0          0          0          0         80   uidiv.o
        98          0          0          0          0         92   uldiv.o
        40          2          0          0          0         68   cdcmple.o
        40          2          0          0          0         68   cdrcmple.o
       334          0          0          0          0        148   dadd.o
       222          0          0          0          0        100   ddiv.o
       190          0          0          0          0        176   depilogue.o
        48          0          0          0          0         68   dfixul.o
        34          0          0          0          0         76   dflti.o
        26          0          0          0          0         76   dfltui.o
       228          0          0          0          0         96   dmul.o
        46          0          0          0          0         80   dscalb.o

    ----------------------------------------------------------------------
      5004        174         64          8          0       2448   Library Totals
         2          0          0          0          0          0   (incl. Padding)

    ----------------------------------------------------------------------

      Code (inc. data)   RO Data    RW Data    ZI Data      Debug   Library Name

      1050         58         64          0          0        360   m_ws.l
      2744        112          0          8          0       1132   mc_w.l
      1208          4          0          0          0        956   mf_w.l

    ----------------------------------------------------------------------
      5004        174         64          8          0       2448   Library Totals

    ----------------------------------------------------------------------

==============================================================================


      Code (inc. data)   RO Data    RW Data    ZI Data      Debug   

     28756       2226        540        536      17664     403712   Grand Totals
     28756       2226        540        152      17664     403712   ELF Image Totals (compressed)
     28756       2226        540        152          0          0   ROM Totals

==============================================================================

    Total RO  Size (Code + RO Data)                29296 (  28.61kB)
    Total RW  Size (RW Data + ZI Data)             18200 (  17.77kB)
    Total ROM Size (Code + RO Data + RW Data)      29448 (  28.76kB)

==============================================================================

